[    0.000000] Initiizing cgroup subsys cpuset
[    0.000000] Initializing cgroup subsys cpu
[    0.000000] Initializing cgroup subsys cpuacct
[    0.000000] Linux version 4.4.0-142-generic (buildd@lgw01-amd64-033) (gcc version 5.4.0 20160609 (Ubuntu 5.4.0-6ubuntu1~16.04.10) ) #168-Ubuntu SMP Wed Jan 16 21:00:45 UTC 2019 (Ubuntu .4-12.168-generic 4.4.167)
[    0.000000] Commanlie: BOOT_IMAGE=/boot/vmlinuz-4.4.0-142-ger rooLAL=cloudimg-rootfs ro console=tty1 console=ttyS0
[    0.000000] KERNEL supord cpus:
[  000000]   Intel GenuineIntel
[    0.000000]   AMD AuthenticAMD
[    0.000000]   Centaur CentaurHauls
[    0.000000] x86/fpu: xstate_offset[2]:  576, xstate_sizes[2]:  256
[    0.000000] x86/fpu: Supporting XSAVE feature 0x01: 'x87 floating point registers'
[    0.000000] x86/fpu: Supporting XSAVE feature 0x: SSE gisters'
[    0.000000] x86/fpu: pporting XSAVEfeature 0x04: 'VXegisters'
[    0.000000] x86/fpu: Enabled xstate features 0x7, context size is 832 bytes, using 'standard' format.
[    0.000000] e820: BIOS-provided physical RAM map:
[    0.000000] BIOS-e820: [mem 0x0000000000000000-0x000000000009fbff] usable
[    0.000000] BIS-e820: [em 0x0000000000009fc00-0x000000000009ffff] reserved
[  000000] BIOS-e820: [mem 0x00000000000f0000-0x00000000000fffff] reserved
[    0.000000] BIOS-e820: [mem 0x0000000000100000-0x000000003ffeffff] usable
[    0.000000] BIOS-e820: [mem 0x000000003fff0000-0x00000003ffff] CPIdata
[    0.0000] BIOS-e820: [mem 0x00000000fec00000-0x00000000fec00fff] reserved
[    0.000000] BIOS-e820: [mem 0x00000000fee00000-0x00000000fee00fff] rseved
[    .000000] BIOS-e820: [mem 0x00000000fffc0000-0x00000000fffffff]reesrved
[    0.000000] NX (Execute Disable) protection: active
[    0.000000] SMBIOS 2.5 present.
[    0.000000] Hypervisor detected:VM
[  0.0000] e820: last_pfn = 0x3fff0 max_arch_pfn = 0x400000000
[    0.000000] MTRR: Disabled
[    0.000000] x86/PAT: MTRRs disabled, skipping PAT initialization too.
[    0.000000] CPU MTRRs all blank - virtualized system.
[    0.000000] x86/PAT: Configuration [0-7]: WB  WT  UC- UC      UC- UC 
[   .0000000] found SMP MP-table at [mem 0x0009fff0-0x0009ffff] mapped at [ffff88000009fff0]
[    0.000000] Scanning 1 areas for low memory corruption
[    0.000000] RAMDISK: [mem 0x3630a000-0x3717cfff]
[    0.000000] ACP: rly table checksum verification disabled
[    0.000000] ACPI: RSDP 0x00000000000E0000 000024 (v0 VBOX  )[   0.00] ACPI XSDT 0x000000003F0030 00003C (v01VBOX   VBOXXSDT 00000001 ASL  00000061)
[    0.000000] ACPI: FACP 0x000000003FFF00F0 0000F4 (v04 VBOX   VBOXFACP 00000001 ASL  00000061)
[    0.000000] ACPI: DSDT 0x000000003FFF0470 0021FF (v02 VBOX   VBOXBIOS 00000002 INTL 20180105)
[    0.000000] ACPI: FACS 0x000000003FFF0200 000040
[    0.000000] ACPI: FACS 0x000000003FFF0200 000040
[    0.000000] ACPI: APIC 0x000000003FFF0240 00005C (v02 VBOX   VBOXAPIC 0000001SL000006
   0.000000]CPI: SSDT 0x00000003F00 0001C 01VBOX  OXPUT 00002 TL 201810
   0.000000] No NUMA configuration found
[    0.000000] Faking anoe at emx000000000000000-0x000000003ffeffff]
[    0.000000] NODE_DATA(0) allocated [mem 0x3ffeb000-0x3ffeffff]
[    0.000000] kvm-clock: Using msrs 4b564d01 and 4b564d00
[    0.000000] kvm-clock: cpu 0, msr 0:3ffe3001, primary cpu clock
[    0.000000] kvm-clock: using sched offset of 3909251438 cycles
[    0.000000] clocksource: kvm-clock: mask: 0xffffffffffffffff max_cycles: 0x1cd42e4dffb, max_idle_ns: 881590591483 ns
[    0.000000] Zone ranges:
[    0.000000]   DMA      [mem 0x0000000000001000-0x0000000000ffffff]
[    0.000000]   DMA32    [mem 0x0000000001000000-0x000000003ffeffff]
[    0.000000]   Normal   empty
[    0.000000]   Device   empty
[    0.000000] Movable zone start for each node
[    0.000000] Early memory node ranges
[    0.000000]   node   0: [mem 0x0000000000001000-0x000000000009efff]
[    0.000000]   node   0: [mem 0x00000000001000-0x000000003ffeffff]
[    0.000000] Initm supnode 0 [mem 0x0000000000001000-0x000000003ffeffff]
[    0.000000] ACPI: PM-Timer I Pt:0x4008
[    0.000000] IOAPIC[0]: apic_id 2, version 32, address 0xfec00000, GSI 0-23
[    .0000] ACPI I_S_OVR(b 0bus_irq 0 global_irq 2 dfl dfl)   0.000000] ACPI: INT_SRC_OVR (bus 0 bus_irq 9 global_irq 9 low level)
[    0.000000] Using ACPI (MADT) for SMP configuration information
[    0.000000] smpboot: Allowing 2 CPUs, 0 hotplug CPUs
[    0.000000] PM: Registered nosave memory: [mem 0x00000000-0x00000fff]
[    0.000000] PM: Registered nosave memory: [m 0x0009f000-0x0009ffff]
[    0.000000] PM: Registered nosave memoy: [mem 0x000a0000-x000effff]
[    0.000000] PM: Registered nosave memory: [mem 0x000f0000-0x000fffff]
[    0.000000] e820:[m 040000000-0xbfff ailble for PCI devices
[    0.000000] Booting paravirtualized kernel on KVM
[    0.000000] clocksource: refined-jiffies: mask: 0xffffffff max_cycles: 0xffffffff, max_idle_ns: 7645519600211568 ns
[    0.000000] setup_percpu: NR_CPUS:512 nr_cpumask_bits:512 nr_cpu_ids:2 nr_node_ids:1
[    0.000000] PERCPU: Embedded 34 pages/cpu @ffff88003fc00000 s99480 r8192 d31592 u1048576
[    0.000000] Built 1 zonelists in Node order, mobility grouping on.  Total pages: 257912
[    0.000000] Policy zone: DMA32
[    0.000000] Kernel command line: BOOT_IMAGE=/boot/vmlinuz-4.4.0-142-generic roo=LAB=cuudimg-rootfs ro console=tty1 console=ttyS0
[    0.000000] PID hash table entries: 4096 (order: 3, 32768 bytes)
[    0.000000] Memory: 997736K/1048120K available (8603K kernel code, 1332K rwdata, 4004K rodata, 1484K init, 1316K bss, 50384K reserved, 0K cma-reserved)
[    0.000000]LU: HWalign=64, Order=0-3, MinObjects=0, CUs=2, Nes1
[    0.0000] Kernel/User page tables isolation: enabled
[    0.000000] Hierarchical RCU implementation.
[    0.000000] 	Build-time adjustment of leaf fanout to 64.
[    0.000000] 	RU restricting CPUs from NR_CPUS=512 to nr_cpuid=2.
[    0.000000] RCU: Adjusting geometry for rcu_fanout_leaf=64, nr_cpu_ids=2
[    0.000000] NR_IRQS:33024 nir:440 
   0.000000] Cnse:: colou V+ 80x2
[    0.000000] console [tty1] enabled
[    00000] console [ttyS0] enabled
[    0.000000] tsc: Detected 3408.000 MHz processor
[    4.174706] Calibrating delay loop (skipped) preset value.. 6816.00 BogoMIPS (lpj=13632000)
[    4.251920] pid_max: default: 32768 minimum: 301
[    4.260504] ACPI: Core revision 20150930
[    4.343488] ACPI: 2 ACPI AML tables successfully acquired and loaded
[    4.405948] Security Framework initialized
[    4.413213] Yama: becoming mindful.
[    4.427438] AppArmor: AppArmor initialized
[    4.462214] Dentry cache hash table entries: 131072 (order: 8, 1048576 bytes)
[    4.506104] Inode-cache hash table entries: 65536 (order: 7, 524288 bytes)
[    4.517660] Mount-cache hash table entries: 2048 (order: 2, 16384 bytes)
[    4.554094] Mountpoint-cache hash table entries: 2048 (order: 2, 16384 bytes)
[    4.608618] Initializing cgroup subsys io
[    4.623951] Initializing cgroup subsys memory
[    4.631795] Initializing cgroup subsys devices
[    4.637385] Initializing cgroup subsys freezer
[    4.649289] Initializing cgroup subsys net_cls
[    4.660722] Initializing cgroup subsys perf_event
[    4.687931] Initializing cgroup subsys net_prio
[    4.709475] Initializing cgroup subsys hugetlb
[    4.757153] Initializing cgroup subsys pids
[    4.785361] mce: CPU supports 0 MCE banks
[    4.788712] Last level iTLB entries: 4KB 128, 2MB 8, 4MB 8
[    4.801876] Last level dTLB entries: 4KB 64, 2MB 0, 4MB 0, 1GB 4
[    4.865095] Spectre V2 : Mitigation: Full generic retpoline
[    4.941298] Spectre V2 : Spectre v2 / SpectreRSB mitigation: Filling RSB on context switch
[    4.951138] Speculative Store Bypass: Vulnerable
[    4.983347] Freeing SMP alternatives memory: 32K
[    5.035392] ftrace: allocating 32277 entries in 127 pages
[    5.167380] smpboot: APIC(0) Converting physical 0 to logical package 0
[    5.206195] smpboot: Max logical packages: 1
[    5.219129] x2apic enabled
[    5.227057] Switched APIC routing to physical x2apic.
[    5.263138] ..TIMER: vector=0x30 apic1=0 pin1=2 apic2=-1 pin2=-1
[    5.387924] smpboot: CPU0: Intel(R) Core(TM) i5-7500 CPU @ 3.40GHz (family: 0x6, model: 0x9e, stepping: 0x9)
[    5.451430] Performance Events: unsupported p6 CPU model 158 no PMU driver, software events only.
[    5.586655] KVM setup paravirtual spinlock
[    5.601388] x86: Booting SMP configuration:
[    5.617509] .... node  #0, CPUs:      #1
[    5.682913] kvm-clock: cpu 1, msr 0:3ffe3041, secondary cpu clock
[    5.782414] mce: CPU supports 0 MCE banks
[    5.796673] x86: Booted up 1 node, 2 CPUs
[    5.826774] smpboot: Total of 2 processors activated (13632.00 BogoMIPS)
[    5.851983] devtmpfs: initialized
[    5.869346] evm: security.selinux
[    5.878630] evm: security.SMACK64
[    5.886455] evm: security.SMACK64EXEC
[    5.887015] evm: security.SMACK64TRANSMUTE
[    5.887608] evm: security.SMACK64MMAP
[    5.950205] evm: security.ima
[    5.952727] evm: security.capability
[    5.953482] clocksource: jiffies: mask: 0xffffffff max_cycles: 0xffffffff, max_idle_ns: 7645041785100000 ns
[    5.976522] futex hash table entries: 512 (order: 3, 32768 bytes)
[    5.977447] pinctrl core: initialized pinctrl subsystem
[    5.992076] RTC time: 12:48:04, date: 03/13/19
[    5.992940] NET: Registered protocol family 16
[    6.003558] cpuidle: using governor ladder
[    6.071588] cpuidle: using governor menu
[    6.083355] PCCT header not found.
[    6.126795] ACPI: bus type PCI registered
[    6.148602] acpiphp: ACPI Hot Plug PCI Controller Driver version: 0.5
[    6.175522] PCI: Using configuration type 1 for base access
[    6.256773] ACPI: Added _OSI(Module Device)
[    6.263262] ACPI: Added _OSI(Processor Device)
[    6.308954] ACPI: Added _OSI(3.0 _SCP Extensions)
[    6.368706] ACPI: Added _OSI(Processor Aggregator Device)
[    6.375219] ACPI: Executed 1 blocks of module-level executable AML code
[    6.384158] ACPI: Interpreter enabled
[    6.389212] ACPI: (supports S0 S5)
[    6.407892] ACPI: Using IOAPIC for interrupt routing
[    6.426980] PCI: Using host bridge windows from ACPI; if necessary, use "pci=nocrs" and report a bug
[    6.440418] ACPI: PCI Root Bridge [PCI0] (domain 0000 [bus 00-ff])
[    6.469602] acpi PNP0A03:00: _OSC: OS supports [ASPM ClockPM Segments MSI]
[    6.500817] acpi PNP0A03:00: _OSC: not requesting OS control; OS requires [ExtendedConfig ASPM ClockPM MSI]
[    6.515880] acpi PNP0A03:00: fail to add MMCONFIG information, can't access extended PCI configuration space under this bridge.
[    6.586401] PCI host bridge to bus 0000:00
[    6.599499] pci_bus 0000:00: root bus resource [io  0x0000-0x0cf7 window]
[    6.654916] pci_bus 0000:00: root bus resource [io  0x0d00-0xffff window]
[    6.655825] pci_bus 0000:00: root bus resource [mem 0x000a0000-0x000bffff window]
[    6.709563] pci_bus 0000:00: root bus resource [mem 0x40000000-0xfdffffff window]
[    6.772618] pci_bus 0000:00: root bus resource [bus 00-ff]
[    6.799858] pci 0000:00:01.1: legacy IDE quirk: reg 0x10: [io  0x01f0-0x01f7]
[    6.806063] pci 0000:00:01.1: legacy IDE quirk: reg 0x14: [io  0x03f6]
[    6.818270] pci 0000:00:01.1: legacy IDE quirk: reg 0x18: [io  0x0170-0x0177]
[    6.879415] pci 0000:00:01.1: legacy IDE quirk: reg 0x1c: [io  0x0376]
[    6.943035] pci 0000:00:07.0: quirk: [io  0x4000-0x403f] claimed by PIIX4 ACPI
[    6.959843] pci 0000:00:07.0: quirk: [io  0x4100-0x410f] claimed by PIIX4 SMB
[    7.057318] ACPI: PCI Interrupt Link [LNKA] (IRQs 5 9 10 *11)
[    7.069616] ACPI: PCI Interrupt Link [LNKB] (IRQs 5 9 *10 11)
[    7.146064] ACPI: PCI Interrupt Link [LNKC] (IRQs 5 *9 10 11)
[    7.173695] ACPI: PCI Interrupt Link [LNKD] (IRQs 5 9 10 *11)
[    7.197929] ACPI: Enabled 2 GPEs in block 00 to 07
[    7.232783] vgaarb: setting as boot device: PCI:0000:00:02.0
[    7.276144] vgaarb: device added: PCI:0000:00:02.0,decodes=io+mem,owns=io+mem,locks=none
[    7.297362] vgaarb: loaded
[    7.344713] vgaarb: bridge control possible 0000:00:02.0
[    7.416729] SCSI subsystem initialized
[    7.432888] ACPI: bus type USB registered
[    7.438073] usbcore: registered new interface driver usbfs
[    7.450521] usbcore: registered new interface driver hub
[    7.471495] usbcore: registered new device driver usb
[    7.556372] PCI: Using ACPI for IRQ routing
[    7.570318] NetLabel: Initializing
[    7.583955] NetLabel:  domain hash size = 128
[    7.621095] NetLabel:  protocols = UNLABELED CIPSOv4
[    7.708526] NetLabel:  unlabeled traffic allowed by default
[    7.779970] amd_nb: Cannot enumerate AMD northbridges
[    7.811932] clocksource: Switched to clocksource kvm-clock
[    7.819741] AppArmor: AppArmor Filesystem Enabled
[    7.831378] pnp: PnP ACPI init
[    7.832451] pnp: PnP ACPI: found 3 devices
[  7465]loksoue: acpi_pm: mask: 0xffff x_ycs: ffff, max_idle_ns: 2085701024 ns[    8.395367] NET: Registeredrotol fmi 2

[    8.234] TCP tablished hash table entries: 8192 (order: 4, 65536 bytes)
[    8.880479] TCP bind hash table entries: 8192 (order: 5, 131072 bytes)
[    8.883694] TCP: Hash tables configured (established 8192 bind 8192)
[    8.89499] UDP hash table entries: 512 (order: 2, 16384 bytes)
[    8.958371] UDP-Lite hash table entries: 512ordr: 2, 16384 bytes)
[    9.047431] NT: Registered protocol family 1
[  9.08912] pci 0000:00:00.0: Limiting direct PCI/PCI transfers
[   176383] pci 0000:001.0: Activating ISA DMhang workarounds
[    9.407689] Unpacking initramfs...

[    9.707654] Freeing initrd memory: 14796K
[    9.722678] platform rtc_cmos: registered platform RTC device (no PNP device found)
[    9.768953] Scanning for low memory corruption every 60 seconds
[    9.796034] audit: initializing netlink subsys (disabled)
[    9.820846] audit: type=2000 audit(1552481287.249:1): initialized
[    9.840612] Initialise system trusted keyring
[    9.849807] HugeTLB registered 2 MB page size, pre-allocated 0 pages
[    9.855179] zbud: loaded
[    9.857713] VFS: Disk quotas dquot_6.6.0
[    9.859991] VFS: Dquot-cache hash table entries: 512 (order 0, 4096 bytes)
[    9.862371] squashfs: version 4.0 (2009/01/31) Phillip Lougher
[    9.885346] fuse init (API version 7.23)
[    9.921598] Key type big_key registered
[    9.924831] Allocating IMA MOK and blacklist keyrings.
[    9.952967] Key type asymmetric registered
[    9.969672] Asymmetric key parser 'x509' registered
[    9.989873] Block layer SCSI generic (bsg) driver version 0.4 loaded (major 249)
[   10.025859] io scheduler noop registered
[   10.027002] io scheduler deadline registered (default)
[   10.033389] io scheduler cfq registered
[   10.036313] pci_hotplug: PCI Hot Plug PCI Core version: 0.5
[   10.040198] pciehp: PCI Express Hot Plug Controller Driver version: 0.4
[   10.059349] ACPI: AC Adapter [AC] (on-line)
[   10.061186] input: Power Button as /devices/LNXSYSTM:00/LNXPWRBN:00/input/input0
[   10.065269] ACPI: Power Button [PWRF]
[   10.078342] input: Sleep Button as /devices/LNXSYSTM:00/LNXSLPBN:00/input/input1
[   10.176578] ACPI: Sleep Button [SLPF]
[   10.204239] GHES: HEST is not enabled!
[   10.207880] Serial: 8250/16550 driver, 32 ports, IRQ sharing enabled
[   10.231271] 00:02: ttyS0 at I/O 0x3f8 (irq = 4, base_baud = 115200) is a 16550A
[   10.239312] Linux agpgart interface v0.103
[   10.249487] loop: module loaded
[   10.262213] scsi host0: a_ix

[   10.404701] scsi host1: ata_piix
[   10.417132] ata1: PATA max UDMA/33 cmd 0x1f0 ctl 0x3f6 bmdma 0xd000 irq 14
[  10.426511] ata2: TA max UDMA/3 cmd 0x170 ctl 0x376 bmdma 0xd008 irq 15

[   10.605176] libphy: Fixed MDIO Bus: probed
[   10.623909] tun: Universal TUN/TAP device driver, 1.6
[   10.646274] tun: (C) 1999-2004 Max Krasnyansky <maxk@qualcomm.com>
[   10.654150] PPP generic driver version 2.4.2
[   10.661143] ehci_hcd: USB 2.0 'Enhanced' Host Controller (EHCI) Driver
[   10.670649] ehci-pci: EHCI PCI platform driver
[   10.673512] ehci-platform: EHCI generic platform driver
[   10.683691] ohci_hcd: USB 1.1 'Open' Host Controller (OHCI) Driver
[   10.692370] ohci-pci: OHCI PCI platform driver
[   10.693895] ohci-platform: OHCI generic platform driver
[   10.713712] uhci_hcd: USB Universal Host Controller Interface driver
[   10.726517] i8042: PNP: PS/2 Controller [PNP0303:PS2K,PNP0f03:PS2M] at 0x60,0x64 irq 1,12
[   10.727999] tsc: Refined TSC clocksource calibration: 3408.681 MHz
[   10.728001] clocksource: tsc: mask: 0xffffffffffffffff max_cycles: 0x3122574b102, max_idle_ns: 440795381622 ns
[   10.776894] serio: i8042 KBD port at 0x60,0x64 irq 1
[   10.782218] serio: i8042 AUX port at 0x60,0x64 irq 12
[   10.787353] mousedev: PS/2 mouse device common for all mice
[   10.823365] input: AT Translated Set 2 keyboard as /devices/platform/i8042/serio0/input/input2
[   10.828259] rtc_cmos rtc_cmos: rtc core: registered rtc_cmos as rtc0
[   10.828309] rtc_cmos rtc_cmos: alarms up to one day, 114 bytes nvram
[   10.828316] i2c /dev entries driver
[   10.828386] device-mapper: uevent: version 1.0.3
[   10.828435] device-mapper: ioctl: 4.34.0-ioctl (2015-10-28) initialised: dm-devel@redhat.com
[   10.828454] ledtrig-cpu: registered to indicate activity on CPUs
[   10.828691] NET: Registered protocol family 10
[   10.828818] NET: Registered protocol family 17
[   10.828826] Key type dns_resolver registered
[   10.829028] registered taskstats version 1
[   10.829038] Loading compiled-in X.509 certificates
[   10.829589] Loaded X.509 cert 'Build time autogenerated kernel key: bff73e56bc0efa7435b2a24f5427674623f1be80'
[   10.829688] zswap: loaded using pool lzo/zbud
[   10.833922] Key type trusted registered
[   10.844692] Key type encrypted registered
[   10.844699] AppArmor: AppArmor sha1 policy hashing enabled
[   10.844702] ima: No TPM chip found, activating TPM-bypass!
[   10.844707] ima: Allocated hash algorithm: sha1
[   10.844719] evm: HMAC attrs: 0x1
[   10.844960]   Magic number: 11:18:835
[   10.873475] rtc_cmos rtc_cmos: setting system clock to 2019-03-13 12:48:09 UTC (1552481289)
[   10.873634] BIOS EDD facility v0.16 2004-Jun-25, 0 devices found
[   10.873634] EDD information not available.
[   11.445302] Freeing unused kernel memory: 1484K
[   11.472237] Write protecting the kernel read-only data: 14336k
[   11.501576] Freeing unused kernel memory: 1624K
[   11.509478] Freeing unused kernel memory: 92K
Loading, please wait...
starting version[   11.625976] random: systemd-udevd: uninitialized urandom read (16 bytes read, 5 bits of entropy available)
 229
[   11.632942] random: udevadm: uninitialized urandom read (16 bytes read, 5 bits of entropy available)
[   11.632986] random: udevadm: uninitialized urandom read (16 bytes read, 5 bits of entropy available)
[   11.658240] random: udevadm: uninitialized urandom read (16 bytes read, 5 bits of entropy available)
[   11.658275] random: udevadm: uninitialized urandom read (16 bytes read, 5 bits of entropy available)
[   11.658670] random: udevadm: uninitialized urandom read (16 bytes read, 5 bits of entropy available)
[   11.658729] random: udevadm: uninitialized urandom read (16 bytes read, 5 bits of entropy available)
[   11.658768] random: udevadm: uninitialized urandom read (16 bytes read, 5 bits of entropy available)
[   11.658808] random: udevadm: uninitialized urandom read (16 bytes read, 5 bits of entropy available)
[   11.658844] random: udevadm: uninitialized urandom read (16 bytes read, 5 bits of entropy available)
[   11.995420] Fusion MPT base driver 3.04.20
[   12.027546] Copyright (c) 1999-2008 LSI Corporation
[   12.077498] e1000: Intel(R) PRO/1000 Network Driver - version 7.3.21-k8-NAPI
[   12.081394] AVX2 version of gcm_enc/dec engaged.
[   12.081395] AES CTR mode by8 optimization enabled
[   12.161941] e1000: Copyright (c) 1999-2006 Intel Corporation.
[   12.229426] input: ImExPS/2 Generic Explorer Mouse as /devices/platform/i8042/serio1/input/input4
[   12.368577] Fusion MPT SPI Host driver 3.04.20
[   12.850953] e1000 0000:00:03.0 eth0: (PCI:33MHz:32-bit) 02:dd:09:7c:76:16
[   12.875532] e1000 0000:00:03.0 eth0: Intel(R) PRO/1000 Network Connection
[   13.773115] e1000 0000:00:08.0 eth1: (PCI:33MHz:32-bit) 08:00:27:4f:11:b0
[   13.821169] e1000 0000:00:08.0 eth1: Intel(R) PRO/1000 Network Connection
[   13.891651] e1000 0000:00:03.0 enp0s3: renamed from eth0
[   13.898763] mptbase: ioc0: Initiating bringup
[   13.988140] e1000 0000:00:08.0 enp0s8: renamed from eth1
[   14.076076] ioc0: LSI53C1030 A0: Capabilities={Initiator}
[   15.140395] scsi host2: ioc0: LSI53C1030 A0, FwRev=00000000h, Ports=1, MaxQ=256, IRQ=20
[   15.828421] scsi 2:0:0:0: Direct-Access     VBOX     HARDDISK         1.0  PQ: 0 ANSI: 5
[   15.875579] scsi target2:0:0: Beginning Domain Validation
[   15.908383] scsi target2:0:0: Domain Validation skipping write tests
[   15.922946] scsi target2:0:0: Ending Domain Validation
[   15.939153] scsi target2:0:0: asynchronous
[   15.947141] scsi 2:0:1:0: Direct-Access     VBOX     HARDDISK         1.0  PQ: 0 ANSI: 5
[   16.000183] scsi target2:0:1: Beginning Domain Validation
[   16.022076] scsi target2:0:1: Domain Validation skipping write tests
[   16.026340] scsi target2:0:1: Ending Domain Validation
[   16.044887] scsi target2:0:1: asynchronous
[   16.063753] sd 2:0:0:0: Attached scsi generic sg0 type 0
[   16.116671] sd 2:0:0:0: [sda] 20971520 512-byte logical blocks: (10.7 GB/10.0 GiB)
[   16.201755] sd 2:0:0:0: [sda] Write Protect is off
[   16.203169] sd 2:0:1:0: [sdb] 20480 512-byte logical blocks: (10.5 MB/10.0 MiB)
[   16.205084] sd 2:0:1:0: [sdb] Write Protect is off
[   16.205438] sd 2:0:1:0: [sdb] Incomplete mode parameter data
[   16.205443] sd 2:0:1:0: [sdb] Assuming drive cache: write through
[   16.230185] sd 2:0:1:0: Attached scsi generic sg1 type 0
[   16.240604] sd 2:0:1:0: [sdb] Attached SCSI disk
[   16.461857] sd 2:0:0:0: [sda] Incomplete mode parameter data
[   16.646095] sd 2:0:0:0: [sda] Assuming drive cache: write through
[   16.951062]  sda: sda1
[   16.996681] sd 2:0:0:0: [sda] Attached SCSI disk
Begin: Loading e[   18.345288] md: linear personality registered for level -1
ssential drivers ... [   18.419197] md: multipath personality registered for level -4
[   18.481383] md: raid0 personality registered for level 0
[   18.539610] md: raid1 personality registered for level 1
[   18.643796] raid6: sse2x1   gen() 10027 MB/s
[   18.775922] raid6: sse2x1   xor()  8327 MB/s
[   18.876231] raid6: sse2x2   gen() 13540 MB/s
[   19.072588] raid6: sse2x2   xor()  8637 MB/s
[   19.156036] raid6: sse2x4   gen() 13370 MB/s
[   19.256281] raid6: sse2x4   xor()  7068 MB/s
[   19.362291] raid6: avx2x1   gen() 18474 MB/s
[   19.513008] raid6: avx2x2   gen() 21437 MB/s
[   19.629318] raid6: avx2x4   gen() 22413 MB/s
[   19.749817] raid6: using algorithm avx2x4 gen() 22413 MB/s
[   19.849838] raid6: using avx2x2 recovery algorithm
[   19.967152] xor: automatically using best checksumming function:
[   20.036025]    avx       :  6009.000 MB/sec
[   20.083739] async_tx: api initialized (async)
[   20.136908] md: raid6 personality registered for level 6
[   20.147656] md: raid5 personality registered for level 5
[   20.152613] md: raid4 personality registered for level 4
[   20.169884] md: raid10 personality registered for level 10
done.
Begin: Running /scripts/init-premount ... done.
Begin: Mounting [   20.265847] Btrfs loaded
root file system ... Begin: Running /scripts/local-top ... done.
Begin: Running /scripts/local-premount ... Scanning for Btrfs filesystems
done.
Warning: fsck not present, so sk[   20.348614] EXT4-fs (sda1): mounted filesystem with ordered data mode. Opts: (null)
ipping root file system
done.
Begin: Running /scripts/local-bottom ... done.
Begin: Running /scripts/init-bottom ... done.
[   20.688296] systemd[1]  systemd 229 running in system mode. (+PAM +AUDIT +SELINUX +IMA +APPARMOR +SMACK +SYSVINIT +UTMP +LIBCRYPTSETUP +GCRYPT +GNUTLS +ACL +XZ -LZ4 +SECCOMP +BLKID +ELFUTILS +KMOD -IDN)
[   21.147673] systemd[1]: Detected virtualization oracle.
[   21.186039] systemd[1]: Detected architecture x86-64.

Welcome to [1mUbuntu 16.04.6 LTS[0m!

[   21.318384] systemd[1]: Set hostname to <ubuntu>.
[   21.339264] systemd[1]: Initializing machine ID from random generator.
[   21.368623] systemd[1]: Installed transient /etc/machine-id file.
[   21.580121] random: nonblocking pool is initialized
[   21.823416] systemd[1]: Listening on Device-mapper event daemon FIFOs.
[[0;32m  OK  [0m] Listening on Device-mapper event daemon FIFOs.
[   21.924471] systemd[1]: Reached target Encrypted Volumes.
[[0;32m  OK  [0m] Reached target Encrypted Volumes.
[   22.065189] systemd[1]: Created slice System Slice.
[[0;32m  OK  [0m] Created slice System Slice.
[   22.257758] systemd[1]: Started Forward Password Requests to Wall Directory Watch.
[[0;32m  OK  [0m] Started Forward Password Requests to Wall Directory Watch.
[   22.383510] systemd[1]: Listening on udev Kernel Socket.
[[0;32m  OK  [0m] Listening on udev Kernel Socket.
[   22.488826] systemd[1]: Reached target User and Group Name Lookups.
[[0;32m  OK  [0m] Reached target User and Group Name Lookups.
[   22.648701] systemd[1]: Created slice system-serial\x2dgetty.slice.
[[0;32m  OK  [0m] Created slice system-serial\x2dgetty.slice.
[   22.737367] systemd[1]: Listening on Syslog Socket.
[[0;32m  OK  [0m] Listening on Syslog Socket.
[   22.836750] systemd[1]: Listening on Journal Audit Socket.
[[0;32m  OK  [0m] Listening on Journal Audit Socket.
[   22.916917] systemd[1]: Created slice User and Session Slice.
[[0;32m  OK  [0m] Created slice User and Session Slice.
[   22.981177] systemd[1]: Reached target Slices.
[[0;32m  OK  [0m] Reached target Slices.
[   22.990069] systemd[1]: Listening on Journal Socket (/dev/log).
[[0;32m  OK  [0m] Listening on Journal Socket (/dev/log).
[   23.065381] systemd[1]: Listening on udev Control Socket.
[[0;32m  OK  [0m] Listening on udev Control Socket.
[   23.201039] systemd[1]: Listening on /dev/initctl Compatibility Named Pipe.
[[0;32m  OK  [0m] Listening on /dev/initctl Compatibility Named Pipe.
[   23.305873] systemd[1]: Started Trigger resolvconf update for networkd DNS.
[[0;32m  OK  [0m] Started Trigger resolvconf update for networkd DNS.
[   23.496386] systemd[1]: Reached target System Time Synchronized.
[[0;32m  OK  [0m] Reached target System Time Synchronized.
[   23.716253] systemd[1]: Listening on LVM2 poll daemon socket.
[[0;32m  OK  [0m] Listening on LVM2 poll daemon socket.
[   23.856370] systemd[1]: Set up automount Arbitrary Executable File Formats File System Automount Point.
[[0;32m  OK  [0m] Set up automount Arbitrary Executab...ats File System Automount Point.
[   24.012655] systemd[1]: Listening on Journal Socket.
[[0;32m  OK  [0m] Listening on Journal Socket.
[   24.100156] systemd[1]: Starting Create list of required static device nodes for the current kernel...
         Starting Create list of required st... nodes for the current kernel...
[   24.228099] systemd[1]: Mounting POSIX Message Queue File System...
         Mounting POSIX Message Queue File System...
[   24.371672] systemd[1]: Starting Uncomplicated firewall...
         Starting Uncomplicated firewall...
[   24.616364] systemd[1]: Mounting Debug File System...
         Mounting Debug File System...
[   24.652917] systemd[1]: Starting Load Kernel Modules...
         Startin[   24.681984] Loading iSCSI transport class v2.0-870.
g Load Kernel Modules...
[   25.001861] iscsi: registered transport (tcp)
[   25.084181] systemd[1]: Starting Nameserver information manager...
         Startin[   25.191487] iscsi: registered transport (iser)
g Nameserver information manager...
[   25.264879] systemd[1]: Starting Remount Root and Kernel File Systems...
         Startin[   25.293087] EXT4-fs (sda1): re-mounted. Opts: (null)
g Remount Root and Kernel File Systems...
[   25.420247] systemd[1]: Starting Set console keymap...
         Starting Set console keymap...
[   25.692125] systemd[1]: Mounting Huge Pages File System...
         Mounting Huge Pages File System...
[   25.839333] systemd[1]: Reached target Swap.
[[0;32m  OK  [0m] Reached target Swap.
[   25.908556] systemd[1]: Starting Journal Service...
         Starting Journal Service...
[   25.991289] systemd[1]: Listening on LVM2 metadata daemon socket.
[[0;32m  OK  [0m] Listening on LVM2 metadata daemon socket.
[   26.212522] systemd[1]: Starting Monitoring of LVM2 mirrors, snapshots etc. using dmeventd or progress polling...
         Starting Monitoring of LVM2 mirrors... dmeventd or progress polling...
[   26.246058] systemd[1]: Mounted POSIX Message Queue File System.
[[0;32m  OK  [0m] Mounted POSIX Message Queue File System.
[   26.292109] systemd[1]: Mounted Huge Pages File System.
[[0;32m  OK  [0m] Mounted Huge Pages File System.
[   6.64] std[1]: Mounted Debug File System.
[[0;32m  OK  [0m] Mounted Debug File System.
[   26784865] systemd[1]: Started Journal Service.
[[0;32m  OK  [0m] Started Journal Service.
[[0;32m  OK  [0m] Started Create list of required sta...ce nodes for the current kernel.
[[0;32m  OK  [0m] Started Uncomplicated firewall.
[[0;32m  OK  [0m] Started Load Kernel Modules.
[[0;32m  OK  [0m] Started Remount Root and Kernel File Systems.
[[0;32m  OK  [0m] Started Set console keymap.
[[0;32m  OK  [0m] Started Nameserver information manager.
[[0;32m  OK  [0m] Started LVM2 metadata daemon.
         Starting udev Coldplug all Devices...
         Starting Load/Save Random Seed...
         Mounting FUSE Control File System...
         Starting Apply Kernel Variables...
         Starting Create Static Device Nodes in /dev...
         Starting Flush Journal to Persistent Storage...
[[0;32m  OK  [0m] Mounted FUSE Control File System.
[[0;32m  OK  [0m] Started Monitoring of LVM2 mirrors,...ng dmeventd or progress polling.
[[0;32m  OK  [0m] Started Load/Save Random Seed.
[[0;32m  OK  [0m] Started Apply Kernel Variables.
[[0;32m  OK  [0m] Started Create Static Device Nodes in /dev.
[[0;32m  OK  [0m] Started udev Coldplug all Devices.
         Starting udev Kernel Device Manager...
[[0;32m  OK  [0m] Reached target Local File Systems (Pre).
[[0;32m  OK  [0m] Reached target Local File Systems.
         Starting Set console font and keymap...
         Starting LSB: AppArmor initialization...
         Starting Initial cloud-init job (pre-networking)...
         Starting Tell Plymouth To Write Out Runtime Data...
         Starting Commit a transient machine-id on disk...
[[0;32m  OK  [0m] Started udev Kernel Device Manager.
[[0;32m  OK  [0m] Started Flush Journal to Persistent Storage.
[[0;32m  OK  [0m] Started Tell Plymouth To Write Out Runtime Data.
[[0;32m  OK  [0m] Started Commit a transient machine-id on disk.
[[0;32m  OK  [0m] Found device /dev/ttyS0.
[[0;32m  OK  [0m] Listening on Load/Save RF Kill Switch Status /dev/rfkill Watch.
         Starting Create Volatile Files and Directories...
[[0;32m  OK  [0m] Started Dispatch Password Requests to Console Directory Watch.
[[0;32m  OK  [0m] Started Create Volatile Files and Directories.
         Starting Update UTMP about System Boot/Shutdown...
[[0;32m  OK  [0m] Started Update UTMP about System Boot/Shutdown.
[[0;32m  OK  [0m] Started Set console font and keymap.
[[0;32m  OK  [0m] Created slice system-getty.slice.
[[0;32m  OK  [0m] Started LSB: AppArmor initialization.
[   23.289927] cloud-init[515]: Cloud-init v. 18.5-21-g8ee294d5-0ubuntu1~16.04.1 running 'init-local' at Wed, 13 Mar 2019 12:48:28 +0000. Up 22.87 seconds.
[[0;32m  OK  [0m] Started Initial cloud-init job (pre-networking).
[[0;32m  OK  [0m] Reached target Network (Pre).
         Starting Raise network interfaces...
[[0;32m  OK  [0m] Started Raise network interfaces.
[[0;32m  OK  [0m] Reached target Network.
         Starting Initial cloud-init job (metadata service crawler)...
[   25.597214] cloud-init[939]: Cloud-init v. 18.5-21-g8ee294d5-0ubuntu1~16.04.1 running 'init' at Wed, 13 Mar 2019 12:48:30 +0000. Up 24.82 seconds.
[   25.680751] cloud-init[939]: ci-info: ++++++++++++++++++++++++++++++++++++++Net device info++++++++++++++++++++++++++++++++++++++
[   25.801789] cloud-init[939]: ci-info: +--------+-------+---------------------------+---------------+--------+-------------------+
[[0;32m  OK  [0m] Started Initial cloud-init job (metadata service crawler).
[   25.810689] [[0;32m  OK  [0m] Reached target Cloud-config availability.
cloud-init[939]: ci-info: | Device |   Up  |          Address          |      Mask     | Scope  |     Hw-Address    |
[[0;32m  OK  [0m] Reached target System Initialization.
[   25.953458]          Starting Socket activation for snappy daemon.
[[0;32m  OK  [0m] Started Daily Cleanup of Temporary Directories.
cloud-init[939]: ci-info: +--------+-------+---------------------------+---------------+--------+-------------------+
[   26.680526]          cloud-initStarting LXD - unix socket.[939]: 
ci-info: | enp0s3 |  True |         10.0.2.15         | 255.255.255.0 | global | 02:dd:09:7c:76:16 |
[   26.885750] [[0;32m  OK  [0m] Started Daily apt download activities.
cloud-init[[0;32m  OK  [0m] Started Daily apt upgrade and clean activities.
[939]: ci-info: | enp0s3 |  True | fe80::dd:9ff:fe7c:7616/64 |       .       |  link  | 02:dd:09:7c:76:16 |
[   26.949179] [cloud-init[0;32m  OK  [0m[939]: ci-info: | enp0s8 | False |             .             |       .       |   .    | 08:00:27:4f:11:b0 |
] Listening on D-Bus System Message Bus Socket.
[   27.304776] [cloud-init[0;32m  OK  [0m[939]: ] ci-info: |   lo   |  True |         127.0.0.1         |   255.0.0.0   |  host  |         .         |Started ACPI Events Check.

[   27.436598] cloud-init[939]: ci-info: |   lo   |  True |          ::1/128          |       .       |  host  |         .         |
[[0;32m  OK  [0m] Reached target Paths.
[[0;32m  OK  [0m] Listening on ACPID Listen Socket.
[   27.437590] [[0;32m  OK  [0m] Listening on UUID daemon activation socket.
cloud-init[939]: ci-info: +--------+-------+---------------------------+---------------+--------+-------------------+
[   27.739536] [cloud-init[0;32m  OK  [0m[939]: ] ci-info: +++++++++++++++++++++++++++Route IPv4 info++++++++++++++++++++++++++++Reached target Timers.

[   27.924232] [cloud-init[0;32m  OK  [0m[939]: ] ci-info: +-------+-------------+----------+---------------+-----------+-------+Reached target Network is Online.

[   28.087252]          cloud-initStarting iSCSI initiator daemon (iscsid)...[939]: 
ci-info: | Route | Destination | Gateway  |    Genmask    | Interface | Flags |
[   28.195318] [cloud-init[0;32m  OK  [0m[939]: ] ci-info: +-------+-------------+----------+---------------+-----------+-------+Listening on Socket activation for snappy daemon.

[   28.332481] [[0;32m  OK  [0m] Listening on LXD - unix socket.
cloud-init[939]: ci-info: |   0   |   0.0.0.0   | 10.0.2.2 |    0.0.0.0    |   enp0s3  |   UG  |
[   28.343643] cloud-init[939]: ci-info: |   1   |   10.0.2.0  | 0.0.0.0  | 255.255.255.0 |   enp0s3  |   U   |
[   28.492260] [cloud-init[0;32m  OK  [0m[939]: ] ci-info: +-------+-------------+----------+---------------+-----------+-------+Reached target Sockets.

[   28.520843] [[0;32m  OK  [0m] Reached target Basic System.
cloud-init[939]: ci-info: +++++++++++++++++++Route IPv6 info+++++++++++++++++++
[   28.522290] cloud-init[939]: ci-info: +-------+-------------+---------+-----------+-------+
[   28.523424] cloud-init[939]: ci-info: | Route | Destination | Gateway | Interface | Flags |
[   28.524579] cloud-init[939]: ci-info: +-------+-------------+---------+-----------+-------+
[   28.531875]          Starting LSB: MD monitoring daemon...
cloud-init         Starting /etc/rc.local Compatibility...
[939]: ci-info: |   0   |  fe80::/64  |    ::   |   enp0s3  |   U   |
         Starting System Logging Service...
[   28.607150] cloud-init[939]: ci-info: |   3   |   ff00::/8  |    ::   |   enp0s3  |   U   |
[   28.669534] [cloud-init[0;32m  OK  [0m[939]: ] ci-info: +-------+-------------+---------+-----------+-------+Started Deferred execution scheduler.

[   28.860418] [cloud-init[0;32m  OK  [0m[939]: ] Generating public/private rsa key pair.Started D-Bus System Message Bus.

[   28.886059]          cloud-initStarting Virtualbox guest utils...[939]: 
Your identification has been saved in /etc/ssh/ssh_host_rsa_key.
[   28.974410]          Starting LXD - container startup/shutdown...
cloud-init[939]: Your public key has been saved in /etc/ssh/ssh_host_rsa_key.pub.
[   29.003740] cloud-init[939]: The key fingerprint is:
         Starting Accounts Service...
[   29.016427] cloud-init[939]: SHA256:xi2P53w4/ZovqitTYVHbzVKP5wNnXn8x5CY5bWrVfgs root@ubuntu-xenial
[   29.109044] [[0;32m  OK  [0m] Started FUSE filesystem for LXC.
cloud-init[939]: The key's randomart image is:
[   29.125179]          Starting LSB: Record successful boot for GRUB...
cloud-init[939]: +---[RSA 2048]----+
[   29.133856] [[0;32m  OK  [0m] Started Regular background program processing daemon.
cloud-init[939]: |         ..   .. |
[   29.150084] cloud-init[939]: |        .  o +=o.|
[   29.150347] cloud-init[939]: |         .. o=+@=|
[   29.150621] cloud-init[939]: |       .o.   .%+=|
[   29.150650] cloud-init[939]: |       .S..  E o*|
[   29.150680] [cloud-init[0;32m  OK  [0m[939]: ] |       ..+  . . =|Started ACPI event daemon.

[[   29.150721] cloud-init[939]: |       .. oo   . |
[0;32m  OK  [0m[   29.266951] cloud-init[939]: |      o  +o +.   |
] Started Unattended Upgrades Shutdown.
[   29.267015] cloud-init[939]: |       ooo++o=o  |
[   29.337989] cloud-init[939]: +----[SHA256]-----+
         [   29.407666] cloud-init[939]: Generating public/private dsa key pair.
Starting Login Service...[   29.408055] cloud-init[939]: Your identification has been saved in /etc/ssh/ssh_host_dsa_key.

[   29.408162] cloud-init[939]: Your public key has been saved in /etc/ssh/ssh_host_dsa_key.pub.
[   29.558700] cloud-init[939]: The key fingerprint is:
[   29.560416] cloud-init[939]: SHA256:cNKS/x5bsjVYHtRfT0KPb7C/Ah4jC6MMu4+INTUF0bc root@ubuntu-xenial
[   29.616243] cloud-init[939]: The key's randomart image is:
         [   29.616459] Starting Pollinate to seed the pseudo random number generator...cloud-init
[939]: +---[DSA 1024]----+
[   29.619318] cloud-init[939]: |    oo        .  |
[   29.714171] cloud-init[939]: |     ..o.    o o |
         [   29.734083] cloud-init[939]: Starting Snappy daemon...|      *.o.  . = +|

[   29.734509] cloud-init[939]: |     . *E  .   Bo|
[   29.868224] cloud-init[939]: |    o   S   o . =|
[[   29.868440] cloud-init[939]: |   o . o o B . o |
[0;32m  OK  [0m] Started System Logging Service.
[   29.868569] cloud-init[939]: |  o + . o O O   .|
[   30.006606] cloud-init[939]: |...o.o   o O o  .|
[[   30.006789] cloud-init[939]: |.. oo.    +   .. |
[0;32m  OK  [0m] [   30.007801] Started iSCSI initiator daemon (iscsid).cloud-init
[939]: +----[SHA256]-----+
[   30.011689] cloud-init[939]: Generating public/private ecdsa key pair.
[   30.040063] cloud-init[939]: Your identification has been saved in /etc/ssh/ssh_host_ecdsa_key.
[[   30.040238] [0;32m  OK  [0mcloud-init] [939]: Started /etc/rc.local Compatibility.Your public key has been saved in /etc/ssh/ssh_host_ecdsa_key.pub.

[   30.040540] cloud-init[939]: The key fingerprint is:
[[   30.079822] cloud-init[939]: SHA256:KDrJlGoDdh6yIoPvjXK3PaL8DghzLzKpY7pUwjfJV/g root@ubuntu-xenial
[0;32m  OK  [0m[   30.080252] cloud-init[939]: The key's randomart image is:
] Started LXD - container startup/shutdown.
[   30.080429] cloud-init[939]: +---[ECDSA 256]---+
[   30.176219] cloud-init[939]: |                 |
[[   30.176398] cloud-init[939]: |      .          |
[0;32m  OK  [0m] Started Pollinate to seed the pseudo random number generator.
[   30.176651] cloud-init[939]: |     . .         |
[   30.340640] cloud-init[939]: |. ... o.         |
[[0;32m  OK  [0m] Started Snappy daemon.
[   30.420235] cloud-init[939]: |+=+O...ES        |
[   30.443528] cloud-init[939]: |=OO++.           |
[[   30.488352] cloud-init[939]: |@=B..            |
[0;32m  OK  [0m[   30.490543] cloud-init[939]: |OBo*o..          |
] Started LSB: Record successful boot for GRUB.
[   30.491001] [cloud-init[939]: |***==o..         |
[0;32m  OK  [0m[   30.534330] cloud-init[939]: +----[SHA256]-----+
] [   30.534803] cloud-init[939]: Generating public/private ed25519 key pair.
Started LSB: MD monitoring daemon.
[   30.538237] cloud-init[939]: Your identification has been saved in /etc/ssh/ssh_host_ed25519_key.
[   30.632152] cloud-init[939]: Your public key has been saved in /etc/ssh/ssh_host_ed25519_key.pub.
[[0;32m  OK  [0m[   30.632375] ] cloud-initStarted Virtualbox guest utils.[939]: 
The key fingerprint is:
[   30.632514] cloud-init[939]: SHA256:x4ENBAeT2cXXAXLW7OTZsZw9cJ93fJPdRcOwLRam+GU root@ubuntu-xenial
[   30.769826] cloud-init[939]: The key's randomart image is:
[[   30.770125] cloud-init[939]: +--[ED25519 256]--+
[0;32m  OK  [0m[   30.771844] cloud-init[939]: |      +B+oo +O++.|
] Started Login Service.
[   30.820715] cloud-init[939]: |      oo.+o++.O+o|
         Starting Authenticate and Authorize Users to Run Privileged Tasks...
[   30.821270] cloud-init[939]: |        ..oo E+=%|
[   30.885338] cloud-init[939]: |         ...+ =O@|
         [   30.885605] cloud-init[939]: |        S o.    *|
Starting Wait until snapd is fully seeded...[   30.887957] cloud-init[939]: |         .       |

[   30.888179] cloud-init[939]: |                 |
[   30.950464] cloud-init[939]: |                 |
         [   30.950650] Starting OpenBSD Secure Shell server...cloud-init
[939]: |                 |
[   30.950793] cloud-init[939]: +----[SHA256]-----+
         Starting Login to default iSCSI targets...
[[0;32m  OK  [0m] Started Authenticate and Authorize Users to Run Privileged Tasks.
[[0;32m  OK  [0m] Started OpenBSD Secure Shell server.
[[0;32m  OK  [0m] Started Accounts Service.
[[0;32m  OK  [0m] Started Login to default iSCSI targets.
[[0;32m  OK  [0m] Reached target Remote File Systems (Pre).
[[0;32m  OK  [0m] Reached target Remote File Systems.
         Starting LSB: automatic crash report generation...
         Starting LSB: Set the CPU Frequency Scaling governor to "ondemand"...
         Starting LSB: daemon to balance interrupts for SMP systems...
         Starting Permit User Sessions...
[[0;32m  OK  [0m] Started Permit User Sessions.
[[0;32m  OK  [0m] Started LSB: automatic crash report generation.
[[0;32m  OK  [0m] Started LSB: Set the CPU Frequency Scaling governor to "ondemand".
[[0;32m  OK  [0m] Started LSB: daemon to balance interrupts for SMP systems.
[[0;32m  OK  [0m] Created slice User Slice of vagrant.
[[0;32m  OK  [0m] Started Session 1 of user vagrant.
         Starting User Manager for UID 1000...
         Starting Terminate Plymouth Boot Screen...
         Starting Hold until boot process finishes up...
[[0;32m  OK  [0m] Started User Manager for UID 1000.
[[0;32m  OK  [0m] Started Terminate Plymouth Boot Screen.
[[0;32m  OK  [0m] Started Hold until boot process finishes up.
[[0;32m  OK  [0m] Started Serial Getty on ttyS0.
[[0;32m  OK  [0m] Started Getty on tty1.
[[0;32m  OK  [0m] Reached target Login Prompts.
         Starting Set console scheme...
[[0;32m  OK  [0m] Started Set console scheme.
[[0;32m  OK  [0m] Started Wait until snapd is fully seeded.
         Starting Apply the settings specified in cloud-config...
[[0;32m  OK  [0m] Reached target Multi-User System.
[[0;32m  OK  [0m] Reached target Graphical Interface.
         Starting Update UTMP about System Runlevel Changes...
[[0;32m  OK  [0m] Started Update UTMP about System Runlevel Changes.
[   34.615780] cloud-init[1340]: Generating locales (this might take a while)...
[   35.634322] cloud-init[1340]:   en_US.UTF-8... done
[   35.691944] cloud-init[1340]: Generation complete.
[   36.471571] cloud-init[1340]: Cloud-init v. 18.5-21-g8ee294d5-0ubuntu1~16.04.1 running 'modules:config' at Wed, 13 Mar 2019 12:48:40 +0000. Up 34.46 seconds.
[[0;32m  OK  [0m] Started Apply the settings specified in cloud-config.
         Starting Execute cloud user/final scripts...
ci-info: no authorized ssh keys fingerprints found for user ubuntu.
<14>Mar 13 12:48:42 ec2: 
<14>Mar 13 12:48:42 ec2: #############################################################
<14>Mar 13 12:48:42 ec2: -----BEGIN SSH HOST KEY FINGERPRINTS-----
<14>Mar 13 12:48:42 ec2: 1024 SHA256:cNKS/x5bsjVYHtRfT0KPb7C/Ah4jC6MMu4+INTUF0bc root@ubuntu-xenial (DSA)
<14>Mar 13 12:48:42 ec2: 256 SHA256:KDrJlGoDdh6yIoPvjXK3PaL8DghzLzKpY7pUwjfJV/g root@ubuntu-xenial (ECDSA)
<14>Mar 13 12:48:42 ec2: 256 SHA256:x4ENBAeT2cXXAXLW7OTZsZw9cJ93fJPdRcOwLRam+GU root@ubuntu-xenial (ED25519)
<14>Mar 13 12:48:42 ec2: 2048 SHA256:xi2P53w4/ZovqitTYVHbzVKP5wNnXn8x5CY5bWrVfgs root@ubuntu-xenial (RSA)
<14>Mar 13 12:48:42 ec2: -----END SSH HOST KEY FINGERPRINTS-----
<14>Mar 13 12:48:42 ec2: #############################################################
-----BEGIN SSH HOST KEY KEYS-----
ecdsa-sha2-nistp256 AAAAE2VjZHNhLXNoYTItbmlzdHAyNTYAAAAIbmlzdHAyNTYAAABBBOJ+q+xXzfGmobwzoigdywifayrgonWEkVH0eSkbGwz8jNBkEPplwhxjPXR92Y/LWR4Em6FlgDjLygVL4SIZ9IY= root@ubuntu-xenial
ssh-ed25519 AAAAC3NzaC1lZDI1NTE5AAAAIBLDdmMKN4xkNXbpxHVnbIjESY/ETyo82zVPfyg0LBu5 root@ubuntu-xenial
ssh-rsa AAAAB3NzaC1yc2EAAAADAQABAAABAQC6t8Ps99oJn4KxU8er4sXuqZ1kokAlOjUnQ+NwEAx8rNNhhNkcASiqkfn8mi4ZuPLlWf6yoXFWZMyu+sB/aGV8xJ0MZwKjrzhugUlEwSElIHGHFqaBrOCqj3bTtaVCTxgbYw1NUENXnSucMGUpk+m91uP7FvvcvA+8SyC7dl+P9nxF3RtqYrt39D6y0IzsLVAr1H/zb1prqvL53pFkJH0EOsfgx3ofLWRsbxk3+nTll2nDRMS/aiKZ58LaYd3TjSX6+JqX3ZEVFedk0DstZxlik0POsJgsWnPTy6X/g5D4ELTokCLlt+q5Mbt/KUglLCNv0AEDfOOoUHPrrHH6Z5tl root@ubuntu-xenial
-----END SSH HOST KEY KEYS-----
[   38.199170] cloud-init[1467]: Cloud-init v. 18.5-21-g8ee294d5-0ubuntu1~16.04.1 running 'modules:final' at Wed, 13 Mar 2019 12:48:42 +0000. Up 37.07 seconds.
[   38.202137] cloud-init[1467]: ci-info: no authorized ssh keys fingerprints found for user ubuntu.
[   38.202260] cloud-init[1467]: Cloud-init v. 18.5-21-g8ee294d5-0ubuntu1~16.04.1 finished at Wed, 13 Mar 2019 12:48:43 +0000. Datasource DataSourceNoCloud [seed=/dev/sdb][dsmode=net].  Up 38.18 seconds

Ubuntu 16.04.6 LTS ubuntu-xenial ttyS0

ubuntu-xenial login: 