[  00000] Initalincgroupsuyscpuset[   0.0000] italizg rop susycp
[    .0000]Initlingcgro ssy cpucct[  0.000] nux vesion 44.14-generc uidd@lw0am4-03) gc vrsion 5.4.0 20160609 (Ubuntu 5.4.0-6ubuntu1~16.04.10) ) #168-Ubuntu SMP Wed Jan 16 21:00:45 UTC 2019 (Ubuntu 4.4.0-142.168-generic 4.4.167)
[    0.000000] Command line: BOOT_IMAGE=/boot/vmlinuz-4.4.0-142-generic root=LABEL=cloudimg-rootfs ro console=tty1 console=ttyS0
[    0.000000] KERNEL supported cpus:
[    0.000000]   Intel GenuineIntel
[    0.000000]   AMD AuthenticAMD
[    0.000000]   Centaur CentaurHauls
[    0.000000] x86/fpu: xstate_offset[2]:  576, xstate_sizes[2]:  256
[    0.000000] x86/fpu: Supporting XSAVE feature 0x01: 'x87 floating point registers'
[    0.000000] x86/fpu: Supporting XSAVE feature 0x02: 'SSE registers'
[    0.000000] x86/fpu: Supporting XSAVE feature 0x04: 'AVX registers'
[    0.000000] x86/fpu:: Enabled xstate features 0x7, context size is 832 bytes, using 'standard' format.
[    0.000000] e820: BIOS-provided physical RAM map:
[    0.000000] BIOS-e820: [mem 0x0000000000000000-0x000000000009fbff] usable
[    0.000000] BIOS-e820: [mem 0x000000000009fc00-0x000000000009ffff] reserved
[    0.000000] BIOS-e820: [mem 0x00000000000f0000-0x00000000000fffff] reserved
[    0.000000] BIOS-e820: [mem 0x0000000000100000-0x000000003ffeffff] usable
[    0.000000] BIOS-e820: [mem 0x000000003fff0000-0x000000003fffffff] ACPI data
[    0.000000] BIOS-e820: [mem 0x00000000fec00000-0x00000000fec00fff] reserved
[    0.000000] BIOS-e820: [mem 0x00000000fee00000-0x00000000fee00fff] reserved
[    0.000000] BIOS-e820: [mem 0x00000000fffc0000-0x00000000ffffffff] reserved
[    0.000000] NX (Execute Disable) protection: active
[    0.000000] SMBIOS 2.5 present.
[    0.000000] Hypervisor detected: KVM
[    0.000000] e820: last_pfn = 0x3fff0 max_arch_pfn = 0x400000000
[    0.000000] MTRR: Disabled
[    0.000000] x86/PAT: MTRRs disabled, skipping PAT initialization too.
[    0.000000] CPU MTRRs all blank - virtualized system.
[    0.000000] x86/PAT: Configuration [0-7]: WB  WT  UC- UC  WB  WT  UC- UC  
[    0.000000] found SMP MP-table at [mem 0x0009fff0-0x0009ffff] mapped at [ffff88000009fff0]
[    0.000000] Scanning 1 areas for low memory corruption
[    0.000000] RAMDISK: [mem 0x3630a000-0x3717cfff]
[    0.000000] ACPI: Early table checksum verification disabled
[    0.000000] ACPI: RSDP 0x00000000000E0000 000024 (v02 VBOX  )
[    0.000000] ACPI: XSDT 0x000000003FFF0030 00003C (v01 VBOX   VBOXXSDT 00000001 ASL  00000061)
[    0.000000] ACPI: FACP 0x000000003FFF00F0 0000F4 (v04 VBOX   VOXACP 0000 ASL00001)
  0.0000] CP DT 0x0000FFF07002F (v02BO  VBOXIO000002 ITL010052
   0000000 AI:FACSx000003FFF2000040
[   .0000]AC: CS 0x00000FF02000040
[    .000 ACP: IC 0x000000003FFF0240 00005C (v02 VBOX   VBOXAPIC 00000001 ASL  00000061)
[    0.000000] ACPI: SSDT 0x000000003FFF02A0 0001CC (v01 VBOX   VBOXCPUT 00000002 INTL 20100528)
[    0.000000] No NUMA configuration found
[    0.000000] Faking a node at [mem 0x0000000000000000-0x000000003ffeffff]
[    0.000000] NODE_DATA(0) allocated [mem 0x3ffeb000-0x3ffeffff]
[    0.000000] kvm-clock: Using msrs 4b564d01 and 4b564d00
[    0.000000] kvm-clock: cpu 0, msr 0:3ffe3001, primary cpu clock
[    0.000000] kvm-clock: using sched offset of 3520992334 cycles
[    0.000000] clocksource: kvm-clock: mask: 0xffffffffffffffff max_cycles: 0x1cd42e4dffb, max_idle_ns: 881590591483 ns
[    0.000000] Zone ranges:
[    0.000000]   DMA      [mem 0x0000000000001000-0x0000000000ffffff]
[    0.000000]   DMA32    [mem 0x0000000001000000-0x000000003ffeffff]
[    0.000000]   Normal   empty
[    0.000000]   Device   empty
[    0.000000] Movable zone start for each node
[    0.000000] Early memory node ranges
[    0.000000]   node   0: [mem 0x0000000000001000-0x000000000009efff]
[    0.000000]   node   0: [mem 0x0000000000100000-0x000000003ffeffff]
[    0.000000] Initmem setup noode 0 [mem 0x0000000000001000-0x000000003ffeffff]
[    0.000000] ACPI: PM-Timer IO Port: 0x4008
[    0.000000] IOAPIC[0]: apic_id 2, version 32, address 0xfec00000, GSI 0-23
[    0.000000] ACPI: INT_SRC_OVR (bus 0 bus_irq 0 global_irq 2 dfl dfl)
[    0.000000] ACPI: INT_SRC_OVR (bus 0 bus_irq 9 global_irq 9 low level)
[    0.000000] Using ACPI (MADT) for SMP configuration information
[    0.000000] smpboot: Allowing 2 CPUs, 0 hotplug CPUs
[    0.000000] PM: Registered nosave memory: [mem 0x00000000-0x00000fff]
[    0.000000] PM: Registered nosave memory: [mem 0x0009f000-0x0009ffff]
[    0.000000] PM: Registered nosave memory: [mem 0x000a0000-0x000effff]
[    0.000000] PM: Registered nosave memory: [mem 0x000f0000-0x000fffff]
[    0.000000] e820: [mem 0x40000000-0xfebfffff] available for PCI devices
[    0.000000] Booting paravirtualized kernel on KVM
[    0.000000] clocksource: refined-jiffies: mask: 0xffffffff max_cycles: 0xffffffff, max_idle_ns: 7645519600211568 ns
[    0.000000] setup_percpu: NR_CPUS:512 nr_cpumask_bits:512 nr_cpu_ids:2 nr_node_ids:1
[    0.000000] PERCPU: Embedded 34 pages/cpu @ffff88003fc00000 s99480 r8192 d31592 u1048576
[    0.000000] Built 1 zonelists in Node order, mobility grouping on.  Total pages: 257912
[    0.000000] Polic zne: DMA3
[   0.000000 Kne comma le: BOOIME=boot/vliuz.4.042enric ro=LEL=cloimrotfroonole=tt1 nse=ttyS0
[  00000] D shtable tries4096orr:3, 327 bes)
[  00000] emy:99736K/181K vailable (860K kernel code, 1332K rwdata, 4004K rodata, 1484K init, 1316K bss, 50384K reserved, 0K cma-reserved)
[    0.000000] SLUB: HWalign=64, Order=0-3, MinObjects=0, CPUs=2, Nodes=1
[    0.000000] Kernel/User page tables isolation: enabled
[    0.000000] Hierarchical RCU implementation.
[    0.000000] 	Build-time adjustment of leaf fanout to 64.
[    0.000000] 	RCU restricting CPUs from NR_CPUS=512 to nr_cpu_ids=2.
[    0.000000] RCU: Adjusting geometry for rcu_fanout_leaf=64, nr_cpu_ids=2
[    0.000000] NR_IRQS:33024 nr_irqs:440 16
[    0.000000] Console: colour VGA+ 80x25
[    0.000000] console [tty1] enabled
[    0.000000] console [ttyS0] enabled
[    0.000000] tsc: Detected 2208.000 MHz processor
[    3.105579] Calibrating delay loop (skipped) preset value.. 4416.00 BogoMIPS (lpj=8832000)
[    3.107713] pid_max: default: 32768 minimum: 301
[    3.108964] ACPI: Core revision 20150930
[    3.110670] ACPI: 2 ACPI AML tables successfully acquired and loaded
[    3.112367] Security Framework initialized
[    3.113465] Yama: becoming mindful.
[    3.114413] AppArmor: AppArmor initialized
[    3.115529] Dentry cache hash table entries: 131072 (order: 8, 1048576 bytes)
[    3.118858] Inode-cache hash table entries: 65536 (order: 7, 524288 bytes)
[    3.120538] Mount-cache hash table entries: 2048 (order: 2, 16384 bytes)
[    3.122159] Mountpoint-cache hash table entries: 2048 (order: 2, 16384 bytes)
[    3.150372] Initializing cgroup subsys io
[    3.234094] Initializing cgroup subsys memory
[    3.343384] Initializing cgroup subsys devices
[    3.437025] Initializing cgroup subsys freezer
[    3.523259] Initializing cgroup subsys net_cls
[    3.634948] Initializing cgroup subsys perf_event
[    3.730640] Initializing cgroup subsys net_prio
[    3.845131] Initializing cgroup subsys hugetlb
[    3.933016] Initializing cgroup subsys pids
[    4.037024] mce: CPU supports 0 MCE banks
[    4.153348] Last level iTLB entries: 4KB 64, 2MB 8, 4MB 8
[    4.166178] Last level dTLB entries: 4KB 64, 2MB 0, 4MB 0, 1GB 4
[    4.167982] Spectre V2 : Mitigation: Full generic retpoline
[    4.169408] Spectre V2 : Spectre v2 / SpectreRSB mitigation: Filling RSB on context switch
[    4.171488] Speculative Store Bypass: Vulnerable
[    4.174596] Freeing SMP alternatives memory: 32K
[    4.179763] ftrace: allocating 32277 entries in 127 pages
[    4.223193] smpboot: APIC(0) Converting physical 0 to logical package 0
[    4.357222] smpboot: Max logical packages: 1
[    4.465053] x2apic enabled
[    4.537461] Switched APIC routing to physical x2apic.
[    4.610095] ..TIMER: vector=0x30 apic1=0 pin1=2 apic2=-1 pin2=-1
[    4.828672] smpboot: CPU0: Intel(R) Core(TM) i7-8750H CPU @ 2.20GHz (family: 0x6, model: 0x9e, stepping: 0xa)
[    4.997162] Performance Events: unsupported p6 CPU model 158 no PMU driver, software events only.
[    5.156925] KVM setup paravirtual spinlock
[    5.195961] x86: Booting SMP configuration:
[    5.225677] .... node  #0, CPUs:      #1
[    5.229692] kvm-clock: cpu 1, msr 0:3ffe3041, secondary cpu clock
[    5.232239] mce: CPU supports 0 MCE banks
[    5.235241] x86: Booted up 1 node, 2 CPUs
[    5.236534] smpboot: Total of 2 processors activated (8832.00 BogoMIPS)
[    5.238600] devtmpfs: initialized
[    5.241144] evm: security.selinux
[    5.242500] evm: security.SMACK64
[    5.243602] evm: security.SMACK64EXEC
[    5.244656] evm: security.SMACK64TRANSMUTE
[    5.245738] evm: security.SMACK64MMAP
[    5.246860] evm: security.ima
[    5.247707] evm: security.capability
[    5.248962] clocksource: jiffies: mask: 0xffffffff max_cycles: 0xffffffff, max_idle_ns: 7645041785100000 ns
[    5.251534] futex hash table entries: 512 (order: 3, 32768 bytes)
[    5.253224] pinctrl core: initialized pinctrl subsystem
[    5.255132] RTC time: 14:36:27, date: 03/13/19
[    5.256497] NET: Registered protocol family 16
[    5.268841] cpuidle: using governor ladder
[    5.280320] cpuidle: using governor menu
[    5.281474] PCCT header not found.
[    5.282509] ACPI: bus type PCI registered
[    5.283667] acpiphp: ACPI Hot Plug PCI Controller Driver version: 0.5
[    5.285466] PCI: Using configuration type 1 for base access
[    5.298094] ACPI: Added _OSI(Module Device)
[    5.369341] ACPI: Added _OSI(Processor Device)
[    5.476056] ACPI: Added _OSI(3.0 _SCP Extensions)
[    5.585152] ACPI: Added _OSI(Processor Aggregator Device)
[    5.702224] ACPI: Executed 1 blocks of module-level executable AML code
[    5.827740] ACPI: Interpreter enabled
[    5.909432] ACPI: (supports S0 S5)
[    6.003694] ACPI: Using IOAPIC for interrupt routing
[    6.126997] PCI: Using host bridge windows from ACPI; if necessary, use "pci=nocrs" and report a bug
[    6.332123] ACPI: PCI Root Bridge [PCI0] (domain 0000 [bus 00-ff])
[    6.333827] acpi PNP0A03:00: _OSC: OS supports [ASPM ClockPM Segments MSI]
[    6.335658] acpi PNP0A03:00: _OSC: not requesting OS control; OS requires [ExtendedConfig ASPM ClockPM MSI]
[    6.338204] acpi PNP0A03:00: fail to add MMCONFIG information, can't access extended PCI configuration space under this bridge.
[    6.341511] PCI host bridge to bus 0000:00
[    6.342585] pci_bus 0000:00: root bus resource [io  0x0000-0x0cf7 window]
[    6.344251] pci_bus 0000:00: root bus resource [io  0x0d00-0xffff window]
[    6.345909] pci_bus 0000:00: root bus resource [mem 0x000a0000-0x000bffff window]
[    6.347911] pci_bus 0000:00: root bus resource [mem 0x40000000-0xfdffffff window]
[    6.349872] pci_bus 0000:00: root bus resource [bus 00-ff]
[    6.354256] pci 0000:00:01.1: legacy IDE quirk: reg 0x10: [io  0x01f0-0x01f7]
[    6.356009] pci 0000:00:01.1: legacy IDE quirk: reg 0x14: [io  0x03f6]
[    6.357614] pci 0000:00:01.1: legacy IDE quirk: reg 0x18: [io  0x0170-0x0177]
[    6.359365] pci 0000:00:01.1: legacy IDE quirk: reg 0x1c: [io  0x0376]
[    6.373463] pci 0000:00:07.0: quirk: [io  0x4000-0x403f] claimed by PIIX4 ACPI
[    6.498616] pci 0000:00:07.0: quirk: [io  0x4100-0x410f] claimed by PIIX4 SMB
[    6.687483] ACPI: PCI Interrupt Link [LNKA] (IRQs 5 9 10 *11)
[    6.816096] ACPI: PCI Interrupt Link [LNKB] (IRQs 5 9 *10 11)
[    6.916886] ACPI: PCI Interrupt Link [LNKC] (IRQs 5 *9 10 11)
[    7.028050] ACPI: PCI Interrupt Link [LNKD] (IRQs 5 9 10 *11)
[    7.107563] ACPI: Enabled 2 GPEs in block 00 to 07
[    7.191550] vgaarb: setting as boot device: PCI:0000:00:02.0
[    7.288573] vgaarb: device added: PCI:0000:00:02.0,decodes=io+mem,owns=io+mem,locks=none
[    7.395381] vgaarb: loaded
[    7.413871] vgaarb: bridge control possible 0000:00:02.0
[    7.418122] SCSI subsystem initialized
[    7.419421] ACPI: bus type USB registered
[    7.420715] usbcore: registered new interface driver usbfs
[    7.422127] usbcore: registered new interface driver hub
[    7.423528] usbcore: registered new device driver usb
[    7.426495] PCI: Using ACPI for IRQ routing
[    7.428015] NetLabel: Initializing
[    7.428960] NetLabel:  domain hash size = 128
[    7.430084] NetLabel:  protocols = UNLABELED CIPSOv4
[    7.431379] NetLabel:  unlabeled traffic allowed by default
[    7.433373] amd_nb: Cannot enumerate AMD northbridges
[    7.434735] clocksource: Switched to clocksource kvm-clock
[    7.442584] AppArmor: AppArmor Filesystem Enabled
[    7.443915] pnp: PnP ACPI init
[    7.445828] pnp: PnP ACPI: found 3 devices
[    7.457286] clocksource: acpi_pm: mask: 0xffffff max_cycles: 0xffffff, max_idle_ns: 2085701024 ns
[    7.459538] NET: Registered protocol family 2
[    7.460766] TCP established hash table entries: 8192 (order: 4, 65536 bytes)
[    7.462457] TCP bind hash table entries: 8192 (order: 5, 131072 bytes)
  7.10] P:ash tale cfire(eabsh 82 nd19
   8406]DPash table enris: 52 (ordr:2, 16384 bytes)
[    8.520577] UDP-Lite hash table entries: 512 (order: 2, 16384 bytes)
[    8.522273] NET: Registered protocol family 1
[    8.523455] pci 0000:00:00.0: Limiting direct PCI/PCI transfers
[    8.524938] pci 0000:00:01.0: Activating ISA DMA hang workarounds
[    8.526674] Unpacking initramfs...

[    8.835479] Freeing initrd memory: 14796K
[    8.882079] platform rtc_cmos: registered platform RTC device (no PNP device found)
[    8.911013] Scanning for low memory corruption every 60 seconds
[    8.971538] audit: initializing netlink subsys (disabled)
[    9.032573] audit: type=2000 audit(1552487789.437:1): initialized
[    9.063797] Initialise system trusted keyring
[    9.081465] HugeTLB registered 2 MB page size, pre-allocated 0 pages
[    9.155166] zbud: loaded
[    9.170197] VFS: Disk quotas dquot_6.6.0
[    9.202342] VFS: Dquot-cache hash table entries: 512 (order 0, 4096 bytes)
[    9.324847] squashfs: version 4.0 (2009/01/31) Phillip Lougher
[    9.394736] fuse init (API version 7.23)
[    9.447378] Key type big_key registered
[    9.493645] Allocating IMA MOK and blacklist keyrings.
[    9.572625] Key type asymmetric registered
[    9.599006] Asymmetric key parser 'x509' registered
[    9.600338] Block layer SCSI generic (bsg) driver version 0.4 loaded (major 249)
[    9.602475] io scheduler noop registered
[    9.603729] io scheduler deadline registered (default)
[    9.605062] io scheduler cfq registered
[    9.606159] pci_hotplug: PCI Hot Plug PCI Core version: 0.5
[    9.607596] pciehp: PCI Express Hot Plug Controller Driver version: 0.4
[    9.609539] ACPI: AC Adapter [AC] (on-line)
[    9.610757] input: Power Button as /devices/LNXSYSTM:00/LNXPWRBN:00/input/input0
[    9.612713] ACPI: Power Button [PWRF]
[    9.613775] input: Sleep Button as /devices/LNXSYSTM:00/LNXSLPBN:00/input/input1
[    9.615706] ACPI: Sleep Button [SLPF]
[    9.617834] ACPI: Battery Slot [BAT0] (battery present)
[    9.619368] GHES: HEST is not enabled!
[    9.620659] Serial: 8250/16550 driver, 32 ports, IRQ sharing enabled
[    9.646640] 00:02: ttyS0 at I/O 0x3f8 (irq = 4, base_baud = 115200) is a 16550A
[    9.753676] Linux agpgart interface v0.103
[    9.757740] loop: module loaded
[    9.803679] scsi host0: ata_piix
[    9.857356] scsi host ata_pix    8702 tc: Rfined TSC clocksource cliratin: 20871MHz
[  98702] cocsour: scmak: 0xffffffffffffff ax_ccls: 0x1fd65c7533f, max_idle_ns: 440795265566 ns

[   10.708181] ata1: PATA max UDMA/33 cmd 0x1f0 ctl 0x3f6 bmdma 0xd000 irq 14
[   10.710002] ata2: PATA max UDMA/33 cmd 0x170 ctl 0x376 bmdma 0xd008 irq 15
[   10.713483] libphy: Fixed MDIO Bus: probed
[   10.715602] tun: Universal TUN/TAP device driver, 1.6
[   10.717094] tun: (C) 1999-2004 Max Krasnyansky <maxk@qualcomm.com>
[   10.718798] PPP generic driver version 2.4.2
[   10.720036] ehci_hcd: USB 2.0 'Enhanced' Host Controller (EHCI) Driver
[   10.721682] ehci-pci: EHCI PCI platform driver
[   10.723241] ehci-platform: EHCI generic platform driver
[   10.724640] ohci_hcd: USB 1.1 'Open' Host Controller (OHCI) Driver
[   10.726309] ohci-pci: OHCI PCI platform driver
[   10.727736] ohci-platform: OHCI generic platform driver
[   10.729473] uhci_hcd: USB Universal Host Controller Interface driver
[   10.731379] i8042: PNP: PS/2 Controller [PNP0303:PS2K,PNP0f03:PS2M] at 0x60,0x64 irq 1,12
[   10.733976] serio: i8042 KBD port at 0x60,0x64 irq 1
[   10.735270] serio: i8042 AUX port at 0x60,0x64 irq 12
[   10.736650] mousedev: PS/2 mouse device common for all mice
[   10.768777] input: AT Translated Set 2 keyboard as /devices/platform/i8042/serio0/input/input2
[   10.877980] rtc_cmos rtc_cmos: rtc core: registered rtc_cmos as rtc0
[   10.892610] rtc_cmos rtc_cmos: alarms up to one day, 114 bytes nvram
[   11.004821] i2c /dev entries driver
[   11.077863] device-mapper: uevent: version 1.0.3
[   11.133250] device-mapper: ioctl: 4.34.0-ioctl (2015-10-28) initialised: dm-devel@redhat.com
[   11.221685] ledtrig-cpu: registered to indicate activity on CPUs
[   11.298971] NET: Registered protocol family 10
[   11.330391] NET: Registered protocol family 17
[   11.398763] Key type dns_resolver registered
[   11.461061] registered taskstats version 1
[   11.529831] Loading compiled-in X.509 certificates
[   11.596728] Loaded X.509 cert 'Build time autogenerated kernel key: bff73e56bc0efa7435b2a24f5427674623f1be80'
[   11.774498] zswap: loaded using pool lzo/zbud
[   11.793978] Key type trusted registered
[   11.800429] Key type encrypted registered
[   11.801650] AppArmor: AppArmor sha1 policy hashing enabled
[   11.803013] ima: No TPM chip found, activating TPM-bypass!
[   11.804483] ima: Allocated hash algorithm: sha1
[   11.805668] evm: HMAC attrs: 0x1
[   11.807081]   Magic number: 11:24:637
[   11.808190] rtc_cmos rtc_cmos: setting system clock to 2019-03-13 14:36:34 UTC (1552487794)
[   11.810675] BIOS EDD facility v0.16 2004-Jun-25, 0 devices found
[   11.812704] EDD information not available.
[   11.816162] Freeing unused kernel memory: 1484K
[   11.826844] Write protecting the kernel read-only data: 14336k
[   11.830291] Freeing unused kernel memory: 1624K
[   11.832499] Freeing unused kernel memory: 92K
Loading, please wait...
starting version[   11.939640] random: systemd-udevd: uninitialized urandom read (16 bytes read, 5 bits of entropy available)
 229
[   11.940143] random: udevadm: uninitialized urandom read (16 bytes read, 5 bits of entropy available)
[   11.940156] random: udevadm: uninitialized urandom read (16 bytes read, 5 bits of entropy available)
[   11.946175] random: udevadm: uninitialized urandom read (16 bytes read, 5 bits of entropy available)
[   11.946214] random: udevadm: uninitialized urandom read (16 bytes read, 5 bits of entropy available)
[   11.946351] random: udevadm: uninitialized urandom read (16 bytes read, 5 bits of entropy available)
[   11.946403] random: udevadm: uninitialized urandom read (16 bytes read, 5 bits of entropy available)
[   11.946457] random: udevadm: uninitialized urandom read (16 bytes read, 5 bits of entropy available)
[   11.946506] random: udevadm: uninitialized urandom read (16 bytes read, 5 bits of entropy available)
[   11.946578] random: udevadm: uninitialized urandom read (16 bytes read, 5 bits of entropy available)
[   12.020979] Fusion MPT base driver 3.04.20
[   12.050098] Copyright (c) 1999-2008 LSI Corporation
[   12.058159] e1000: Intel(R) PRO/1000 Network Driver - version 7.3.21-k8-NAPI
[   12.060159] e1000: Copyright (c) 1999-2006 Intel Corporation.
[   12.085399] AVX2 version of gcm_enc/dec engaged.
[   12.086691] AES CTR mode by8 optimization enabled
[   12.089998] Fusion MPT SPI Host driver 3.04.20
[   12.265833] input: ImExPS/2 Generic Explorer Mouse as /devices/platform/i8042/serio1/input/input4
[   12.561884] e1000 0000:00:03.0 eth0: (PCI:33MHz:32-bit) 02:dd:09:7c:76:16
[   12.667272] e1000 0000:00:03.0 eth0: Intel(R) PRO/1000 Network Connection
[   12.764888] mptbase: ioc0: Initiating bringup
[   12.931231] ioc0: LSI53C1030 A0: Capabilities={Initiator}
[   13.170164] scsi host2: ioc0: LSI53C1030 A0, FwRev=00000000h, Ports=1, MaxQ=256, IRQ=20
[   13.395493] scsi 2:0:0:0: Direct-Access     VBOX     HARDDISK         1.0  PQ: 0 ANSI: 5
[   13.533015] scsi target2:0:0: Beginning Domain Validation
[   13.629456] scsi target2:0:0: Domain Validation skipping write tests
[   13.751633] scsi target2:0:0: Ending Domain Validation
[   13.820083] e1000 0000:00:08.0 eth1: (PCI:33MHz:32-bit) 08:00:27:f1:79:a0
[   13.820086] e1000 0000:00:08.0 eth1: Intel(R) PRO/1000 Network Connection
[   13.893981] e1000 0000:00:08.0 enp0s8: renamed from eth1
[   13.978187] scsi target2:0:0: asynchronous
[   13.982153] scsi 2:0:1:0: Direct-Access     VBOX     HARDDISK         1.0  PQ: 0 ANSI: 5
[   13.985487] e1000 0000:00:03.0 enp0s3: renamed from eth0
[   13.986940] scsi target2:0:1: Beginning Domain Validation
[   13.990224] scsi target2:0:1: Domain Validation skipping write tests
[   13.991909] scsi target2:0:1: Ending Domain Validation
[   14.003365] scsi target2:0:1: asynchronous
[   14.018980] sd 2:0:0:0: Attached scsi generic sg0 type 0
[   14.019038] sd 2:0:0:0: [sda] 20971520 512-byte logical blocks: (10.7 GB/10.0 GiB)
[   14.019379] sd 2:0:0:0: [sda] Write Protect is off
[   14.019541] sd 2:0:0:0: [sda] Incomplete mode parameter data
[   14.019542] sd 2:0:0:0: [sda] Assuming drive cache: write through
[   14.020533]  sda: sda1
[   14.021164] sd 2:0:0:0: [sda] Attached SCSI disk
[   14.118665] sd 2:0:1:0: Attached scsi generic sg1 type 0
[   14.118853] sd 2:0:1:0: [sdb] 20480 512-byte logical blocks: (10.5 MB/10.0 MiB)
[   14.119119] sd 2:0:1:0: [sdb] Write Protect is off
[   14.119287] sd 2:0:1:0: [sdb] Incomplete mode parameter data
[   14.119288] sd 2:0:1:0: [sdb] Assuming drive cache: write through
[   14.121038] sd 2:0:1:0: [sdb] Attached SCSI disk
Begin: Loading e[   15.793718] md: linear personality registered for level -1
ssential drivers[   15.929510] md: multipath personality registered for level -4
 ... [   16.036849] md: raid0 personality registered for level 0
[   16.141695] md: raid1 personality registered for level 1
[   16.219824] raid6: sse2x1   gen() 13294 MB/s
[   16.394847] raid6: sse2x1   xor()  7451 MB/s
[   16.471653] raid6: sse2x2   gen() 12411 MB/s
[   16.575314] raid6: sse2x2   xor() 10046 MB/s
[   16.719309] raid6: sse2x4   gen() 16371 MB/s
[   16.839965] raid6: sse2x4   xor() 11351 MB/s
[   17.010979] raid6: avx2x1   gen() 26266 MB/s
[   17.147862] raid6: avx2x2   gen() 31000 MB/s
[   17.298781] raid6: avx2x4   gen() 32921 MB/s
[   17.428499] raid6: using algorithm avx2x4 gen() 32921 MB/s
[   17.593797] raid6: using avx2x2 recovery algorithm
[   17.736371] xor: automatically using best checksumming function:
[   17.926843]    avx       : 32611.000 MB/sec
[   18.009781] async_tx: api initialized (async)
[   18.179039] md: raid6 personality registered for level 6
[   18.315130] md: raid5 personality registered for level 5
[   18.316636] md: raid4 personality registered for level 4
[   18.323460] md: raid10 personality registered for level 10
done.
Begin: Running /scripts/init-premount ... done.
Begin: Mounting root file system ... Begin: Running /scripts/local-top ... done.
Begin: Running /scripts/local-premount ... [   18.351257] Btrfs loaded
Scanning for Btrfs filesystems
done.
Warning: fsck not present, so skipping root file system
[   18.373167] EXT4-fs (sda1): mounted filesystem with ordered data mode. Opts: (null)
done.
Begin: Running /scripts/local-bottom ... done.
Begin: Running /scripts/init-bottom ... done.
[   18.4583]ysmd]:ysmd29unning in system mode. (+PAM +AUDIT +SELINUX +IMA +APPARMOR +SMACK +SYSVINIT +UTMP +LIBCRYPTSETUP +GCRYPT +GNUTLS +ACL +XZ -LZ4 +SECCOMP +BLKID +ELFUTILS +KMOD -IDN)
[   9.1374] std[: teted virtualization oracle.

[   19.401033] systemd[1]: Detected architecture x86-64.

Welcome to [1mUbuntu 16.04.6 LTS[0m!

[   19.404973] systemd[1]: Set hostname to <ubuntu>.
[   19.407259] systemd[1]: Initializing machine ID from random generator.
[   19.408894] systemd[1]: Installed transient /etc/machine-id file.
[   19.493659] systemd[1]: Listening on Journal Audit Socket.
[[0;32m  OK  [0m] Listening on Journal Audit Socket.
[   19.497313] systemd[1]: ListeninonVMpo dmon ck. [[0;32m  OK  [0m] Listening on LVM2 poll daemon socket.
[  19.84430] ysmd[1] Lstinonoualocet
[[0;32m  OK  [0m] Listening on Journal Socket.
[   20.486440] systemd[1]: Reached target Swap.
[[0;32m  OK  [0m] Reached target Swap.
[   20.489675] systemd[1]: Listening on udev Control Socket.
[[0;32m  OK  [0m] Listening on udev Control Socket.
[   20.493238] systemd[1]: Listening on LVM2 metadata daemon socket.
[[0;32m  OK  [0m] Listening on LVM2 metadata daemon socket.
[   20.497270] systemd[1]: Listening on udev Kernel Socket.
[[0;32m  OK  [0m] Listening on udev Kernel Socket.
[   20.501046] systemd[1]: Created slice User and Session Slice.
[[0;32m  OK  [0m] Created slice User and Session Slice.
[   20.504899] systemd[1]: Reached target User and Group Name Lookups.
[[0;32m  OK  [0m] Reached target User and Group Name Lookups.
[   20.508849] systemd[1]: Listening on Journal Socket (/dev/log).
[[0;32m  OK  [0m] Listening on Journal Socket (/dev/log).
[   20.512685] systemd[1]: Reached target Encrypted Volumes.
[[0;32m  OK  [0m] Reached target Encrypted Volumes.
[   20.799568] systemd[1]: Reached target System Time Synchronized.
[[0;32m  OK  [0m] Reached target System Time Synchronized.
[  29852syem1]Lieng  SloSocket.
[[0;32m  OK  [0m] Listening on Syslog Socket.
[  2532171] systemd[1]: Listening on Device-mapper event daemon FIFOs.
[[0;32m  OK  [0m] Listening on Device-mapper event daemon FIFOs.
[   21.601210] systemd[1]: Set up automount Arbitrary Executable File Formats File System Automount Point.
[[0;32m  OK  [0m] Set up automount Arbitrary Executab...ats File System Automount Point.
[   21.606397] systemd[1]: Listening on /dev/initctl Compatibility Named Pipe.
[[0;32m  OK  [0m] Listening on /dev/initctl Compatibility Named Pipe.
[   21.610590] systemd[1]: Started Forward Password Requests to Wall Directory Watch.
[[0;32m  OK  [0m] Started Forward Password Requests to Wall Directory Watch.[   21.614786] random: nonblocking pool is initialized

[   21.616510] systemd[1]: Created slice System Slice.
[[0;32m  OK  [0m] Created slice System Slice.
[   21.827586] systemd[1]: Starting Remount Root and Kernel File Systems...
         [   21.992665] EXT4-fs (sda1): re-mounted. Opts: (null)
Starting Remount Root and Kernel File Systems...
[   22.163356] systemd[1]: Starting Monitoring of LVM2 mirrors, snapshots etc. using dmeventd or progress polling...
         Starting Monitoring of LVM2 mirrors... dmeventd or progress polling...
[   22.293382] systemd[1]: Starting Load Kernel Modules...
         Starting Load Kernel Modules...
[   22.298423] systemd[1]: Reached target Slices.
[[0;32m  OK  [0m] Reached target Slices.
[   22.301644] Loading iSCSI transport class v2.0-870.
[   22.303089] systemd[1]: Created slice system-serial\x2dgetty.slice.
[[0;32m  OK  [0m] Created slice system-serial\x2dgetty.slice.
[   22.307762] systemd[1]: Mounting Huge Pages File System...
         Mounting Huge Pages File System...
[   22.313322] iscsi: registered transport (tcp)
[   22.315108] systemd[1]: Starting Create list of required static device nodes for the current kernel...
         Starting Create [   22.335530] iscsi: registered transport (iser)
list of required st... nodes for the current kernel...
[   22.791543] systemd[1]: Starting Set console keymap...
         Starting Set console keymap...
[   22.963148] systemd[1]: Mounting POSIX Message Queue File System...
         Mounting POSIX Message Queue File System...
[   23.167463] systemd[1]: Starting Uncomplicated firewall...
         Starting Uncomplicated firewall...
[   23.335258] systemd[1]: Starting Journal Service...
         Starting Journal Service...
[   23.475179] systemd[1]: Mounting Debug File System...
         Mounting Debug File System...
[   23.643487] systemd[1]: Starting Nameserver information manager...
         Starting Nameserver information manager...
[   23.753372] systemd[1]: Started Trigger resolvconf update for networkd DNS.
[[0;32m  OK  [0m] Started Trigger resolvconf update for networkd DNS.
[   23.758581] systemd[1]: Mounted POSIX Message Queue File System.
[[0;32m  OK  [0m] Mounted POSIX Message Queue File System.
[   23.762434] systemd[1]: Mounted Huge Pages File System.
[[0;32m  OK  [0m] Mounted Huge Pages File System.
[   23.765886] systemd[1]: Mounted Debug File System.
[[0;32m  OK  [0m] Mounted Debug File System.
[   23.769503] systemd[1]: Started Journal Service.
[[0;32m  OK  [0m] Started Journal Service.
[[0;32m  OK  [0m] Started Remount Root and Kernel File Systems.
[[0;32m  OK  [0m] Started Load Kernel Modules.
[[0;32m  OK  [0m] Started Create list of required sta...ce nodes for the current kernel.
[[0;32m  OK  [0m] Started Set console keymap.
[[0;32m  OK  [0m] Started Uncomplicated firewall.
[[0;32m  OK  [0m] Started Nameserver information manager.
[[0;32m  OK  [0m] Started LVM2 metadata daemon.
         Starting Create Static Device Nodes in /dev...
         Mounting FUSE Control File System...
         Starting Apply Kernel Variables...
         Starting udev Coldplug all Devices...
         Starting Load/Save Random Seed...
         Starting Flush Journal to Persistent Storage...
[[0;32m  OK  [0m] Mounted FUSE Control File System.
[[0;32m  OK  [0m] Started Monitoring of LVM2 mirrors,...ng dmeventd or progress polling.
[[0;32m  OK  [0m] Started Create Static Device Nodes in /dev.
[[0;32m  OK  [0m] Started Apply Kernel Variables.
[[0;32m  OK  [0m] Started Load/Save Random Seed.
[[0;32m  OK  [0m] Started udev Coldplug all Devices.
[[0;32m  OK  [0m] Started Flush Journal to Persistent Storage.
         Starting udev Kernel Device Manager...
[[0;32m  OK  [0m] Reached target Local File Systems (Pre).
[[0;32m  OK  [0m] Reached target Local File Systems.
         Starting Create Volatile Files and Directories...
         Starting Initial cloud-init job (pre-networking)...
         Starting Tell Plymouth To Write Out Runtime Data...
         Starting Commit a transient machine-id on disk...
         Starting LSB: AppArmor initialization...
         Starting Set console font and keymap...
[[0;32m  OK  [0m] Started udev Kernel Device Manager.
[[0;32m  OK  [0m] Started Create Volatile Files and Directories.
[   18.004177] cloud-init[477]: Cloud-init v. 18.5-21-g8ee294d5-0ubuntu1~16.04.1 running 'init-local' at Wed, 13 Mar 2019 14:36:47 +0000. Up 17.75 seconds.
[[0;32m  OK  [0m] Started Tell Plymouth To Write Out Runtime Data.
[[0;32m  OK  [0m] Started Commit a transient machine-id on disk.
[[0;32m  OK  [0m] Started Initial cloud-init job (pre-networking).
[[0;32m  OK  [0m] Started Set console font and keymap.
[[0;32m  OK  [0m] Found device /dev/ttyS0.
[[0;32m  OK  [0m] Listening on Load/Save RF Kill Switch Status /dev/rfkill Watch.
[[0;32m  OK  [0m] Created slice system-getty.slice.
[[0;32m  OK  [0m] Reached target Network (Pre).
         Starting Update UTMP about System Boot/Shutdown...
[[0;32m  OK  [0m] Started Dispatch Password Requests to Console Directory Watch.
[[0;32m  OK  [0m] Started LSB: AppArmor initialization.
[[0;32m  OK  [0m] Started Update UTMP about System Boot/Shutdown.
         Starting Raise network interfaces...
[[0;32m  OK  [0m] Started Raise network interfaces.
         Starting Initial cloud-init job (metadata service crawler)...
[[0;32m  OK  [0m] Reached target Network.
[   19.654395] cloud-init[940]: Cloud-init v. 18.5-21-g8ee294d5-0ubuntu1~16.04.1 running 'init' at Wed, 13 Mar 2019 14:36:48 +0000. Up 19.26 seconds.
[   19.764235] cloud-init[940]: ci-info: ++++++++++++++++++++++++++++++++++++++Net device info++++++++++++++++++++++++++++++++++++++
[   19.764362] cloud-init[940]: ci-info: +--------+-------+---------------------------+---------------+--------+-------------------+
[   19.764797] cloud-init[940]: ci-info: | Device |   Up  |          Address          |      Mask     | Scope  |     Hw-Address    |
[   19.764865] cloud-init[940]: ci-info: +--------+-------+---------------------------+---------------+--------+-------------------+
[   19.764939] cloud-init[940]: ci-info: | enp0s3 |  True |         10.0.2.15         | 255.255.255.0 | global | 02:dd:09:7c:76:16 |
[   19.765008] cloud-init[940]: ci-info: | enp0s3 |  True | fe80::dd:9ff:fe7c:7616/64 |       .       |  link  | 02:dd:09:7c:76:16 |
[   19.765074] cloud-init[940]: ci-info: | enp0s8 | False |             .             |       .       |   .    | 08:00:27:f1:79:a0 |
[   19.765141] cloud-init[940]: ci-info: |   lo   |  True |         127.0.0.1         |   255.0.0.0   |  host  |         .         |
[   19.765208] cloud-init[940]: ci-info: |   lo   |  True |          ::1/128          |       .       |  host  |         .         |
[   19.765275] cloud-init[940]: ci-info: +--------+-------+---------------------------+---------------+--------+-------------------+
[   19.765344] cloud-init[940]: ci-info: +++++++++++++++++++++++++++Route IPv4 info++++++++++++++++++++++++++++
[   19.765411] cloud-init[940]: ci-info: +-------+-------------+----------+---------------+-----------+-------+
[   19.765478] cloud-init[940]: ci-info: | Route | Destination | Gateway  |    Genmask    | Interface | Flags |
[   19.765547] cloud-init[940]: ci-info: +-------+-------------+----------+---------------+-----------+-------+
[   19.765614] cloud-init[940]: ci-info: |   0   |   0.0.0.0   | 10.0.2.2 |    0.0.0.0    |   enp0s3  |   UG  |
[   19.765682] cloud-init[940]: ci-info: |   1   |   10.0.2.0  | 0.0.0.0  | 255.255.255.0 |   enp0s3  |   U   |
[   19.765749] cloud-init[940]: ci-info: +-------+-------------+----------+---------------+-----------+-------+
[   19.765816] cloud-init[940]: ci-info: +++++++++++++++++++Route IPv6 info+++++++++++++++++++
[   19.765883] cloud-init[940]: ci-info: +-------+-------------+---------+-----------+-------+
[   19.765949] cloud-init[940]: ci-info: | Route | Destination | Gateway | Interface | Flags |
[   19.766016] cloud-init[940]: ci-info: +-------+-------------+---------+-----------+-------+
[   19.766084] cloud-init[940]: ci-info: |   0   |  fe80::/64  |    ::   |   enp0s3  |   U   |
[   19.766170] cloud-init[940]: ci-info: |   3   |   ff00::/8  |    ::   |   enp0s3  |   U   |
[   19.766240] cloud-init[940]: ci-info: +-------+-------------+---------+-----------+-------+
[   19.766306] cloud-init[940]: Generating public/private rsa key pair.
[   19.766373] cloud-init[940]: Your identification has been saved in /etc/ssh/ssh_host_rsa_key.
[   19.766440] cloud-init[940]: Your public key has been saved in /etc/ssh/ssh_host_rsa_key.pub.
[   19.766506] cloud-init[940]: The key fingerprint is:
[   19.766575] cloud-init[940]: SHA256:X4IjzyHFHUtW9rXRB1V6Uz4hAaLonLe1KxCXwyPzRQU root@ubuntu-xenial
[   19.766643] cloud-init[940]: The key's randomart image is:
[   19.766740] cloud-init[940]: +---[RSA 2048]----+
[   19.766812] cloud-init[940]: |         E*++oo=B|
[   19.766879] cloud-init[940]: |      ...=.+ ..+B|
[   19.766945] cloud-init[940]: |     ...= o   o++|
[   19.767012] cloud-init[940]: |    o+.B o     .o|
[   19.767078] cloud-init[940]: |     +O.S.. .    |
[   19.767146] cloud-init[940]: |     ..*o+.o     |
[   19.767213] cloud-init[940]: |      ..o..      |
[   19.767279] cloud-init[940]: |       .  .      |
[   19.767345] cloud-init[940]: |        ..       |
[   19.767411] cloud-init[940]: +----[SHA256]-----+
[   19.767479] cloud-init[940]: Generating public/private dsa key pair.
[   19.767546] cloud-init[940]: Your identification has been saved in /etc/ssh/ssh_host_dsa_key.
[   19.767613] cloud-init[940]: Your public key has been saved in /etc/ssh/ssh_host_dsa_key.pub.[[0;32m  OK  [0m] Started Initial cloud-init job (metadata service crawler).
[[0;32m  OK  [0m] Reached target System Initialization.

[[0;32m  OK  [0m] Started ACPI Events Check.
[[0;32m  OK  [0m] Reached target Paths.
[[0;32m  OK  [0m] Started Daily apt download activities.
[   20.183286] cloud-init[940]: The key fingerprint is:
[   20.192180] cloud-init[940]: SHA256:EmhUygm2EjDiNZxjhz+UKA+bcC8B4WuGx8NwavEBTFU root@ubuntu-xenial
[[0;32m  OK  [0m] Listening on ACPID Listen Socket.
         Starting Socket activation for snappy daemon.
[   20.197556] [[0;32m  OK  [0m] Started Daily Cleanup of Temporary Directories.
cloud-init[940]: The key's randomart image is:
[   20.248138] [[0;32m  OK  [0m] Started Daily apt upgrade and clean activities.
cloud-init[[0;32m  OK  [0m] Reached target Timers.
[940]: [[0;32m  OK  [0m] Listening on UUID daemon activation socket.
+---[DSA 1024]----+[[0;32m  OK  [0m] Listening on D-Bus System Message Bus Socket.

         Starting LXD - unix socket.
[[0;32m  OK  [0m] Reached target Cloud-config availability.
[[0;32m  OK  [0m] Reached target Network is Online.
[   20.257798] cloud-init[940]: |@==+*Eo          |
[   20.259950] cloud-init[940]: |=B=%.B           |
[   20.262129] cloud-init[940]: |+=X+@ .          |
[   20.264304] cloud-init[940]: |.X=ooo .         |
[   20.266479] cloud-init[940]: |o==o  o S        |         Starting iSCSI initiator daemon (iscsid)...

[   20.270884] [[0;32m  OK  [0m] Listening on Socket activation for snappy daemon.
cloud-init[[0;32m  OK  [0m] Listening on LXD - unix socket.
[940]: |+. .   .         |[[0;32m  OK  [0m] Reached target Sockets.
[[0;32m  OK  [0m] Reached target Basic System.
         Starting Accounts Service...
         Starting LSB: MD monitoring daemon...
         Starting LSB: Record successful boot for GRUB...
         Starting /etc/rc.local Compatibility...
[[0;32m  OK  [0m] Started Unattended Upgrades Shutdown.
         Starting Virtualbox guest utils...
[[0;32m  OK  [0m] Started Deferred execution scheduler.
[[0;32m  OK  [0m] Started FUSE filesystem for LXC.
         Starting Snappy daemon...
         Starting Login Service...
         Starting System Logging Service...
         Starting LXD - container startup/shutdown...
         Starting Pollinate to seed the pseudo random number generator...
[[0;32m  OK  [0m] Started Regular background program processing daemon.
[[0;32m  OK  [0m] Started D-Bus System Message Bus.

[   20.359930] cloud-init[940]: |                 |
[   20.377780] cloud-init[940]: |                 |
[   20.381712] cloud-init[940]: |                 |
[   20.389305] cloud-init[940]: +----[SHA256]-----+
[   20.396228] cloud-init[940]: Generating public/private ecdsa key pair.
[   20.401498] cloud-init[940]: Your identification has been saved in /etc/ssh/ssh_host_ecdsa_key.
[   20.409628] cloud-init[940]: Your public key has been saved in /etc/ssh/ssh_host_ecdsa_key.pub.[[0;32m  OK  [0m] Started ACPI event daemon.

[[0;32m  OK  [0m] Started System Logging Service.
[[0;32m  OK  [0m] Started /etc/rc.local Compatibility.
[   20.469116] cloud-init[940]: The key fingerprint is:
[   20.475552] cloud-init[940]: SHA256:A85BvwNRhmMQZoXsBFiUmJ+T6lBsRchMfPKtKfOhDBM root@ubuntu-xenial
[[   20.476823] cloud-init[940]: The key's randomart image is:
[0;32m  OK  [0m[   20.480754] cloud-init[940]: +---[ECDSA 256]---+
] Started LXD - container startup/shutdown.[   20.482403] cloud-init[940]: | @=**=+oo        |

[   20.484854] cloud-init[940]: |+ Bo*.++         |
[   20.486254] cloud-init[940]: | o X o+..        |
[   20.486562] cloud-init[940]: |E O oo.+ .       |
[   20.486811] cloud-init[940]: | = . oo S        |
[   20.487118] cloud-init[940]: |= o +    o       |
[   20.487411] cloud-init[940]: |o+ = .           |
[   20.487733] cloud-init[940]: | .o .            |
[   20.488165] cloud-init[940]: |                 |
[   20.488369] cloud-init[940]: +----[SHA256]-----+
[   20.488656] cloud-init[940]: Generating public/private ed25519 key pair.
[   20.488958] cloud-init[940]: Your identification has been saved in /etc/ssh/ssh_host_ed25519_key.
[   20.489317] cloud-init[940]: Your public key has been saved in /etc/ssh/ssh_host_ed25519_key.pub.
[   20.489578] cloud-init[940]: The key fingerprint is:
[   20.489845] cloud-init[940]: SHA256:73ubY3EG6HL6Uh1eOZaozR8iIml0daeofO1JPKNhfHA root@ubuntu-xenial
[   20.490118] cloud-init[940]: The key's randomart image is:
[   20.490406] cloud-init[940]: +--[ED25519 256]--+
[   20.490669] cloud-init[940]: |                 |
[   20.490934] cloud-init[940]: |          . . .  |
[   20.491552] cloud-init[940]: |         . + + o |
[   20.491768] cloud-init[940]: |      . . + E *  |
[   20.492074] cloud-init[940]: |     . +S+ @ = . |
[   20.492335] cloud-init[940]: |      + =.@ # +  |
[   20.493312] cloud-init[940]: |     . . O.B X . |
[   20.493460] cloud-init[940]: |        o.. *..  |
[   20.493734] cloud-init[940]: |         o++oo   |
[   20.494003] cloud-init[940]: +----[SHA256]-----+
[[0;32m  OK  [0m] Started iSCSI initiator daemon (iscsid).
[[0;32m  OK  [0m] Started Snappy daemon.
[[0;32m  OK  [0m] Started Login Service.
[[0;32m  OK  [0m] Started LSB: MD monitoring daemon.
[[0;32m  OK  [0m] Started LSB: Record successful boot for GRUB.
         Starting Authenticate and Authorize Users to Run Privileged Tasks...
         Starting Wait until snapd is fully seeded...
         Starting Login to default iSCSI targets...
[[0;32m  OK  [0m] Started Virtualbox guest utils.
[[0;32m  OK  [0m] Started Authenticate and Authorize Users to Run Privileged Tasks.
[[0;32m  OK  [0m] Started Accounts Service.
[[0;32m  OK  [0m] Started Pollinate to seed the pseudo random number generator.
[[0;32m  OK  [0m] Started Login to default iSCSI targets.
[[0;32m  OK  [0m] Reached target Remote File Systems (Pre).
[[0;32m  OK  [0m] Reached target Remote File Systems.
         Starting LSB: Set the CPU Frequency Scaling governor to "ondemand"...
         Starting Permit User Sessions...
         Starting LSB: automatic crash report generation...
         Starting LSB: daemon to balance interrupts for SMP systems...
         Starting OpenBSD Secure Shell server...
[[0;32m  OK  [0m] Started Permit User Sessions.
[[0;32m  OK  [0m] Started OpenBSD Secure Shell server.
         Starting Hold until boot process finishes up...
         Starting Terminate Plymouth Boot Screen...
[[0;32m  OK  [0m] Started LSB: Set the CPU Frequency Scaling governor to "ondemand".
[[0;32m  OK  [0m] Started LSB: automatic crash report generation.
[[0;32m  OK  [0m] Started LSB: daemon to balance interrupts for SMP systems.
[[0;32m  OK  [0m] Started Hold until boot process finishes up.
[[0;32m  OK  [0m] Started Terminate Plymouth Boot Screen.
[[0;32m  OK  [0m] Created slice User Slice of vagrant.
[[0;32m  OK  [0m] Started Session 1 of user vagrant.
         Starting User Manager for UID 1000...
[[0;32m  OK  [0m] Started Serial Getty on ttyS0.
[[0;32m  OK  [0m] Started Getty on tty1.
[[0;32m  OK  [0m] Reached target Login Prompts.
         Starting Set console scheme...
[[0;32m  OK  [0m] Started User Manager for UID 1000.
[[0;32m  OK  [0m] Started Set console scheme.
         Stopping User Manager for UID 1000...
[[0;32m  OK  [0m] Stopped User Manager for UID 1000.
[[0;32m  OK  [0m] Removed slice User Slice of vagrant.
[[0;32m  OK  [0m] Created slice User Slice of vagrant.
         Starting User Manager for UID 1000...
[[0;32m  OK  [0m] Started User Manager for UID 1000.
[[0;32m  OK  [0m] Started Session 2 of user vagrant.
         Starting Hostname Service...
[[0;32m  OK  [0m] Started Hostname Service.
[[0;32m  OK  [0m] Started Wait until snapd is fully seeded.
         Starting Apply the settings specified in cloud-config...
[[0;32m  OK  [0m] Reached target Multi-User System.
[[0;32m  OK  [0m] Reached target Graphical Interface.
         Starting Update UTMP about System Runlevel Changes...
[   23.466415] cloud-init[1685]: Generating locales (this might take a while)...
[[0;32m  OK  [0m] Started Update UTMP about System Runlevel Changes.
[   24.027826] cloud-init[1685]:   en_US.UTF-8... done
[   24.064453] cloud-init[1685]: Generation complete.
[   24.216740] cloud-init[1685]: Cloud-init v. 18.5-21-g8ee294d5-0ubuntu1~16.04.1 running 'modules:config' at Wed, 13 Mar 2019 14:36:53 +0000. Up 23.40 seconds.
[[0;32m  OK  [0m] Started Apply the settings specified in cloud-config.
         Starting Execute cloud user/final scripts...
ci-info: no authorized ssh keys fingerprints found for user ubuntu.
<14>Mar 13 14:36:54 ec2: 
<14>Mar 13 14:36:54 ec2: #############################################################
<14>Mar 13 14:36:54 ec2: -----BEGIN SSH HOST KEY FINGERPRINTS-----
<14>Mar 13 14:36:54 ec2: 1024 SHA256:EmhUygm2EjDiNZxjhz+UKA+bcC8B4WuGx8NwavEBTFU root@ubuntu-xenial (DSA)
<14>Mar 13 14:36:54 ec2: 256 SHA256:A85BvwNRhmMQZoXsBFiUmJ+T6lBsRchMfPKtKfOhDBM root@ubuntu-xenial (ECDSA)
<14>Mar 13 14:36:54 ec2: 256 SHA256:73ubY3EG6HL6Uh1eOZaozR8iIml0daeofO1JPKNhfHA root@ubuntu-xenial (ED25519)
<14>Mar 13 14:36:54 ec2: 2048 SHA256:X4IjzyHFHUtW9rXRB1V6Uz4hAaLonLe1KxCXwyPzRQU root@ubuntu-xenial (RSA)
<14>Mar 13 14:36:54 ec2: -----END SSH HOST KEY FINGERPRINTS-----
<14>Mar 13 14:36:54 ec2: #############################################################
-----BEGIN SSH HOST KEY KEYS-----
ecdsa-sha2-nistp256 AAAAE2VjZHNhLXNoYTItbmlzdHAyNTYAAAAIbmlzdHAyNTYAAABBBC8+QH4a93xf99U30Pc1LPtsZKtBNc2/k1buBj3qMo9mAO1Gr0+tnArLrgY4001Q+tpTYMSSj6HrTL955KvXLsA= root@ubuntu-xenial
ssh-ed25519 AAAAC3NzaC1lZDI1NTE5AAAAIBuilyRYhIHahD0eX+ldtbK4+78sqlh0/SpBmT2Iy/gi root@ubuntu-xenial
ssh-rsa AAAAB3NzaC1yc2EAAAADAQABAAABAQC/kIlsVhtkoT9LduB8KtaGChIJ0tN86ztLlW7JMu9bz+OuUMFx/2QDamWBiPwNtadW4KwjchCJ7Db9jQaQ996nfHL8RKb8nivs7Lqao+nCZ71e5lgPwWyRrsy8vd77SJv0FmDCvqn7FsLaDRYfChQ0LOLJsuKUZempvDlepH61EFKRodSBLyZP4TuEW+ru+H2zqG5bb1JsrEu0ib/0rtgOoTwwShPRg5W8vSAxsUVzsmlreRkFJpA/Xb8WnDWYRb8ohbS+o7D4YpFo1TKENxysnm8C8BqHPQBPtyozNOUa+5XCo/3d9J73bx6ISfEnU11EpHtZly9b5H697RCMHLiz root@ubuntu-xenial
-----END SSH HOST KEY KEYS-----
[   25.034012] cloud-init[1831]: Cloud-init v. 18.5-21-g8ee294d5-0ubuntu1~16.04.1 running 'modules:final' at Wed, 13 Mar 2019 14:36:54 +0000. Up 24.53 seconds.
[   25.121146] cloud-init[1831]: ci-info: no authorized ssh keys fingerprints found for user ubuntu.
[   25.176409] cloud-init[1831]: Cloud-init v. 18.5-21-g8ee294d5-0ubuntu1~16.04.1 finished at Wed, 13 Mar 2019 14:36:54 +0000. Datasource DataSourceNoCloud [seed=/dev/sdb][dsmode=net].  Up 25.02 seconds
[[0;32m  OK  [0m] Started Execute cloud user/final scripts.
[[0;32m  OK  [0m] Reached target Cloud-init target.

Ubuntu 16.04.6 LTS nodejs ttyS0

nodejs login: 