[    000000] Initialiing cgupubsycpet
[   0.000]Initiaizg roup sbs c
[   0.00] Initalzingcgoup ubs uacct[  000000]inuxersion.40-42-generc uid@lgw0-a6403) (gc rsn 5.4. 20160609 (Ubuntu 5.4.0-6ubuntu1~16.04.10) ) #168-Ubuntu SMP Wed Jan 16 21:00:45 UTC 2019 (Ubuntu 4.4.0-142.168-generic 4.4.167)
[    0.000000] Command line: BOOT_IMAGE=/boot/vmlinuz-4.4.0-142-generic root=LABEL=cloudimg-rootfs ro console=tty1 console=ttyS0
[    0.000000] KERNEL supported cpus:
[    0.000000]   Intel GenuineIntel
[    0.000000]   AMD AuthenticAMD
[    0.000000]   Centaur CentaurHauls
[    0.000000] x86/fpu: xstate_offset[2]:  576, xstate_sizes[2]:  256
[    0.000000] x86/fpu: Supporting XSAVE feature 0x01: 'x87 floating point registers'
[    0.000000] x86/fpu: Supporting XSAVE feature 0x02: 'SSE registers'
[    0.000000] x86/fpu: Supporting XSAVE feature 0x04: 'AVX registers'
[    0.000000] x86/fpu: Enabled xstate features 0x7, context size is 832 bytes, using 'standard' format.
[    0.000000] e820: BIOS-provided physical RAM map:
[    0.000000] BIOS-e820: [mem 0x0000000000000000-0x000000000009fbff] usable
[    0.000000] BIOS-e820: [mem 0x000000000009fc00-0x000000000009ffff] reserved
[    0.000000] BIOS-e820: [mem 0x00000000000f0000-0x00000000000fffff] reserved
[    0.000000] BIOS-e820: [mem 0x0000000000100000-0x000000003ffeffff] usable
[    0.000000] BIOS-e820: [mem 0x000000003fff0000-0x000000003fffffff] ACPI data
[    0.000000] BIOS-e820: [mem 0x00000000fec00000-0x00000000fec00fff] reserved
[    0.000000] BIOS-e820: [mem 0x00000000fee00000-0x00000000fee00fff] reserved
[    0.000000] BIOS-e820: [mem 0x00000000fffc0000-0x00000000ffffffff] reserved
[    0.000000] NX (Execute Disable) protection: active
[    0.000000] SMBIOS 2.5 present.
[    0.000000] Hypervisor detected: KVM
[    0.000000] e820: last_pfn = 0x3fff0 max_arch_pfn = 0x400000000
[    0.000000] MTRR: Disabled
[    0.000000] x86/PAT: MTRRs disabled, skipping PAT initialization too.
[    0.000000] CPU MTRRs all blank - virtualized system.
[    0.000000] x86/PAT: Configuration [0-7]: WB  WT  UC- UC  WB  WT  UC- UC  
[    0.000000] found SMP MP-table at [mem 0x0009fff0-0x0009ffff] mapped at [ffff88000009fff0]
[    0.000000] Scanning 1 areas for low memory corruption
[    0.000000] RAMDISK: [mem 0x3630a000-0x3717cfff]
[    0.000000] ACPI: Early table checksum verification disabled
[    0.000000] ACPI: RSDP 0x00000000000E0000 000024 (v02 VBOX  )
[    0.000000] ACPI: XSDT 0x000000003FFF0030 00003C ((v01 VBOX   VBOXXSDT 00000001 ASL  00000061)
[    0.000000] ACPI: FACP 0x000000003FFF00F0 0000F4 (v04 VBOX   VBOXFACP 00000001 ASL  00000061)
[    0.000000] ACPI: DSDT 0x000000FF470 02F v02 VBX VBBIOS 00000 ITL 20105)
[   0.0000ACI:AC0x0000003F020 0004
[    000000] ACI: FACS0x00000003F00 00040   0.000 API: PI0x00003FF02 00005(v VBO  BOPIC 0000ASL  00061
[    0.000000] ACPI: SSDT 0x0000000003FFF02A0 0001CC (v01 VBOX   VBOXCPUT 00000002 INTL 20100528)
[    0.000000] No NUMA configuration found
[    0.000000] Faking a node at [mem 0x0000000000000000-0x000000003ffeffff]
[    0.000000] NODE_DATA(0) allocated [mem 0x3ffeb000-0x3ffeffff]
[    0.000000] kvm-clock: Using msrs 4b564d01 and 4b564d00
[    0.000000] kvm-clock: cpu 0, msr 0:3ffe3001, primary cpu clock
[    0.000000] kvm-clock: using sched offset of 3530367994 cycles
[    0.000000] clocksource: kvm-clock: mask: 0xffffffffffffffff max_cycles: 0x1cd42e4dffb, max_idle_ns: 881590591483 ns
[    0.000000] Zone ranges:
[    0.000000]   DMA      [mem 0x0000000000001000-0x0000000000ffffff]
[    0.000000]   DMA32    [mem 0x0000000001000000-0x000000003ffeffff]
[    0.000000]   Normal   empty
[    0.000000]   Device   empty
[    0.000000] Movable zone start for each node
[    0.000000] Early memory node ranges
[    0.000000]   node   0: [mem 0x0000000000001000-0x000000000009efff]
[    0.000000]   node   0: [mem 0x0000000000100000-0x000000003ffeffff]
[    0.000000] Initmem setup node 0 [mem 0x0000000000001000-0x000000003ffeffff]
[    0.000000] ACPI: PM-Timer IO Port: 0x4008
[    0.000000] IOAPIC[0]: apic_id 2, version 32, address 0xfec00000, GSI 0-23
[    0.000000] ACPI: INT_SRC_OVR (bus 0 bus_irq 0 global_irq 2 dfl dfl)
[    0.000000] ACPI: INT_SRC_OVR (bus 0 bus_irq 9 global_irq 9 low level)
[    0.000000] Using ACPI (MADT) for SMP configuration information
[    0.000000] smpboot: Allowing 2 CPUs, 0 hotplug CPUs
[    0.000000] PM: Registered nosave memory: [mem 0x00000000-0x00000fff]
[    0.000000] PM: Registered nosave memory: [mem 0x0009f000-0x0009ffff][    0000]PMRestred nosavmery [me0x0a000-x0eff]
  0.0000 P: gistred ose mory[m 0000f00000x0fff]
[  00000] e80:me 0x4000-xfebff] ailabl f P devce
[    0000] otng prartlize kneon KVM
[    0.000000] clocksource: refined-jiffies: mask: 0xffffffff max_cycles: 0xffffffff, max_idle_ns: 7645519600211568 ns
[    0.000000] setup_percppu: NR_CPUS:512 nr_cpumask_bits:512 nr_cpu_ids:2 nr_node_ids:1
[    0.000000] PERCPU: Embedded 34 pages/cpu @ffff88003fc00000 s99480 r8192 d31592 u1048576
[    0.000000] Built 1 zonelists in Node order, mobility grouping on.  Total pages: 257912
[    0.000000] Policy zone: DMA32
[    0.000000] Kernel command line: BOOT_IMAGE=/boot/vmlinuz-4.4.0-142-generic root=LABEL=cloudimg-rootfs ro console=tty1 console=ttyS0
[    0.000000] PID hash table entries: 4096 (order: 3, 32768 bytes)
[    0.000000] Memory: 997736K/1048120K available (8603K kernel code, 1332K rwdata, 4004K rodata, 1484K init, 1316K bss, 50384K reserved, 0K cma-reserved)
[    0.000000] SLUB: HWalign=64, Order=0-3, MinObjects=0, CPUs=2, Nodes=1
[    0.000000] Kernel/User page tables isolation: enabled
[    0.000000] Hierarchical RCU implementation.
[    0.000000] 	Build-time adjustment of leaf fanout to 64.
[    0.000000] 	RCU restricting CPUs from NR_CPUS=512 to nr_cpu_ids=2.
[    0.000000] RCU: Adjusting geometry for rcu_fanout_leaf=64, nr_cpu_ids=2
[    0.000000] NR_IRQS:33024 nr_irqs:440 16
[    0.000000] Console: colour VGA+ 80x25
[    0.000000] console [tty1] enabled
[    0.000000] console [ttyS0] enabled
[    0.000000] tsc: Detected 2208.000 MHz processor
[    3.086982] Calibrating delay loop (skipped) preset value.. 4416.00 BogoMIPS (lpj=8832000)
[    3.089086] pid_max: default: 32768 minimum: 301
[    3.090280] ACPI: Core revision 20150930
[    3.091905] ACPI: 2 ACPI AML tables successfully acquired and loaded
[    3.093508] Security Framework initialized
[    3.094629] Yama: becoming mindful.
[    395590] AppArmor: AppArmor initialized
[    3.202531] Dentry cache hash table entries: 131072 (order: 8, 1048576 bytes)
[    3.380000] Inode-cache hash table entries: 65536 (order: 7, 524288 bytes)
[    3.514987] Mount-cache hash table entries: 2048 (order: 2, 16384 bytes)
[    3.663121] Mountpoint-cache hash table entries: 2048 (order: 2, 16384 bytes)
[    3.872399] Initializing cgroup subsys io
[    3.981775] Initializing cgroup subsys memory
[    4.095253] Initializing cgroup subsys devices
[    4.136187] Initializing cgroup subsys freezer
[    4.137368] Initializing cgroup subsys net_cls
[    4.138585] Initializing cgroup subsys perf_event
[    4.139777] Initializing cgroup subsys net_prio
[    4.140936] Initializing cgroup subsys hugetlb
[    4.142093] Initializing cgroup subsys pids
[    4.144256] mce: CPU supports 0 MCE banks
[    4.145328] Last level iTLB entries: 4KB 64, 2MB 8, 4MB 8
[    4.146726] Last level dTLB entries: 4KB 64, 2MB 0, 4MB 0, 1GB 4
[    4.148190] Spectre V2 : Mitigation: Full generic retpoline
[    4.149552] Spectre V2 : Spectre v2 / SpectreRSB mitigation: Filling RSB on context switch
[    4.151665] Speculative Store Bypass: Vulnerable
[    4.154785] Freeing SMP alternatives memory: 32K
[    4.159921] ftrace: allocating 32277 entries in 127 pages
[    4.202725] smpboot: APIC(0) Converting physical 0 to logical package 0
[    4.346793] smpboot: Max logical packages: 1
[    4.448519] x2apic enabled
[    4.521413] Switched APIC routing to physical x2apic.
[    4.620066] ..TIMER: vector=0x30 apic1=0 pin1=2 apic2=-1 pin2=-1
[    4.886638] smpboot: CPU0: Intel(R) Core(TM) i7-8750H CPU @ 2.20GHz (family: 0x6, model: 0x9e, stepping: 0xa)
[    5.111545] Performance Events: unsupported p6 CPU model 158 no PMU driver, software events only.
[    5.228679] KVM setup paravirtual spinlock
[    5.230312] x86: Booting SMP configuration:
[    5.231425] .... node  #0, CPUs:      #1
[    5.232629] kvm-clock: cpu 1, msr 0:3ffe3041, secondary cpu clock
[    5.235057] mce: CPU supports 0 MCE banks
[    5.237874] x86: Booted up 1 node, 2 CPUs
[    5.239155] smpboot: Total of 2 processors activated (8832.00 BogoMIPS)
[    5.241095] devtmpfs: initialized
[    5.243566] evm: security.selinux
[    5.244475] evm: security.SMACK64
[    5.245403] evm: security.SMACK64EXEC
[    5.246398] evm: security.SMACK64TRANSMUTE
[    5.247468] evm: security.SMACK64MMAP
[    5.248457] evm: security.ima
[    5.249278] evm: security.capability
[    5.250438] clocksource: jiffies: mask: 0xffffffff max_cycles: 0xffffffff, max_idle_ns: 7645041785100000 ns
[    5.253032] futex hash table entries: 512 (order: 3, 32768 bytes)
[    5.254670] pinctrl core: initialized pinctrl subsystem
[    5.256067] RTC time: 13:56:24, date: 03/13/19
[    5.257330] NET: Registered protocol family 16
[    5.270433] cpuidle: using governor ladder
[    5.391075] cpuidle: using governor menu
[    5.450284] PCCT header not found.
[    5.544690] ACPI: bus type PCI registered
[    5.637881] acpiphp: ACPI Hot Plug PCI Controller Driver version: 0.5
[    5.785029] PCI: Using configuration type 1 for base access
[    5.940164] ACPI: Added _OSI(Module Device)
[    6.025346] ACPI: Added _OSI(Processor Device)
[    6.114991] ACPI: Added _OSI(3.0 _SCP Extensions)
[    6.222500] ACPI: Added _OSI(Processor Aggregator Device)
[    6.304515] ACPI: Executed 1 blocks of module-level executable AML code
[    6.307937] ACPI: Interpreter enabled
[    6.308917] ACPI: (supports S0 S5)
[    6.309837] ACPI: Using IOAPIC for interrupt routing
[    6.311187] PCI: Using host bridge windows from ACPI; if necessary, use "pci=nocrs" and report a bug
[    6.317253] ACPI: PCI Root Bridge [PCI0] (domain 0000 [bus 00-ff])
[    6.318807] acpi PNP0A03:00: _OSC: OS supports [ASPM ClockPM Segments MSI]
[    6.320475] acpi PNP0A03:00: _OSC: not requesting OS control; OS requires [ExtendedConfig ASPM ClockPM MSI]
[    6.322988] acpi PNP0A03:00: fail to add MMCONFIG information, can't access extended PCI configuration space under this bridge.
[    6.326177] PCI host bridge to bus 0000:00
[    6.327239] pci_bus 0000:00: root bus resource [io  0x0000-0x0cf7 window]
[    6.328851] pci_bus 0000:00: root bus resource [io  0x0d00-0xffff window]
[    6.330520] pci_bus 0000:00: root bus resource [mem 0x000a0000-0x000bffff window]
[    6.332450] pci_bus 0000:00: root bus resource [mem 0x40000000-0xfdffffff window]
[    6.334408] pci_bus 0000:00: root bus resource [bus 00-ff]
[    6.338746] pci 0000:00:01.1: legacy IDE quirk: reg 0x10: [io  0x01f0-0x01f7]
[    6.340518] pci 0000:00:01.1: legacy IDE quirk: reg 0x14: [io  0x03f6]
[    6.342164] pci 0000:00:01.1: legacy IDE quirk: reg 0x18: [io  0x0170-0x0177]
[    6.343843] pci 0000:00:01.1: legacy IDE quirk: reg 0x1c: [io  0x0376]
[    6.359515] pci 0000:00:07.0: quirk: [io  0x4000-0x403f] claimed by PIIX4 ACPI
[    6.547141] pci 0000:00:07.0: quirk: [io  0x4100-0x410f] claimed by PIIX4 SMB
[    6.734017] ACPI: PCI Interrupt Link [LNKA] (IRQs 5 9 10 *11)
[    6.850222] ACPI: PCI Interrupt Link [LNKB] (IRQs 5 9 *10 11)
[    7.006995] ACPI: PCI Interrupt Link [LNKC] (IRQs 5 *9 10 11)
[    7.143769] ACPI: PCI Interrupt Link [LNKD] (IRQs 5 9 10 *11)
[    7.265176] ACPI: Enabled 2 GPEs in block 00 to 07
[    7.330577] vgaarb: setting as boot device: PCI:0000:00:02.0
[    7.389822] vgaarb: device added: PCI:0000:00:02.0,decodes=io+mem,owns=io+mem,locks=none
[    7.391902] vgaarb: loaded
[    7.392674] vgaarb: bridge control possible 0000:00:02.0
[    7.394264] SCSI subsystem initialized
[    7.395438] ACPI: bus type USB registered
[    7.396538] usbcore: registered new interface driver usbfs
[    7.397938] usbcore: registered new interface driver hub
[    7.399368] usbcore: registered new device driver usb
[    7.402168] PCI: Using ACPI for IRQ routing
[    7.403815] NetLabel: Initializing
[    7.404945] NetLabel:  domain hash size = 128
[    7.406094] NetLabel:  protocols = UNLABELED CIPSOv4
[    7.407362] NetLabel:  unlabeled traffic allowed by default
[    7.408886] amd_nb: Cannot enumerate AMD northbridges
[    7.410238] clocksource: Switched to clocksource kvm-clock
[    7.418447] AppArmor: AppArmor Filesystem Enabled
[    7.419944] pnp: PnP ACPI init
[    7.421848] pnp: PnP ACPI: found 3 devices
[    7.43965] clocksorc acppm msk: 0fff x_cycle: 0xff, x_dlns: 208014 n
    805826] ET Rgister protol faily2

[    8.3693] TCP estabishd hash table entries: 8192 (orr: 4, 65536 bytes)

[    8.541006] TCP bind hash table entries: 8192 (order: 5, 131072 bytes)
[    8.543506] TCP: Hash tables configured (established 8192 bind 8192)
[    8.545675] UDP hash table entries: 512 (order: 2, 16384 bytes)
[    8.547444] UDP-Lite hash table entries: 512 (order: 2, 16384 bytes)
[    8.549636] NET: Registered protocol family 1
[    8.551109] pci 0000:00:00.0: Limiting direct PCI/PCI transfers
[    8.552907] pci 0000:00:01.0: Activating ISA DMA hang workarounds
[   8.55062]npckig intrams..
[    9.011760] Freeing initrd memory: 14796K
[    9.068097] platform rtc_cmos: registered platform RTC device (no PNP device found)
[    9.155143] Scanning for low memory corruption every 60 seconds
[    9.206999] audit: initializing nellink subsys (disabled)
[    9.374641] audit: type=2000 audit(1552485387.174:1): initialized
[    9.536809] Initialise system trusted keyring
[    9.606269] HugeTLB registered 2 MB page size, pre-allocated 0 pages
[    9.608903] zbud: loaded
[    9.609972] VFS: Disk quotas dquot_6.6.0
[    9.611071] VFS: Dquot-cache hash table entries: 512 (order 0, 4096 bytes)
[    9.616331] squashfs: version 4.0 (2009/01/31) Phillip Lougher
[    9.618007] fuse init (API version 7.23)
[    9.619252] Key type big_key registered
[    9.620292] Allocating IMA MOK and blacklist keyrings.
[    9.622924] Key type asymmetric registered
[    9.623998] Asymmetric key parser 'x509' registered
[    9.625298] Block layer SCSI generic (bsg) driver version 0.4 loaded (major 249)
[    9.627320] io scheduler noop registered
[    9.628397] io scheduler deadline registered (default)
[    9.629853] io scheduler cfq registered
[    9.630990] pci_hotplug: PCI Hot Plug PCI Core version: 0.5
[    9.632371] pciehp: PCI Express Hot Plug Controller Driver version: 0.4
[    9.634256] ACPI: AC Adapter [AC] (on-line)
[    9.635427] input: Power Button as /devices/LNXSYSTM:00/LNXPWRBN:00/input/input0
[    9.637396] ACPI: Power Button [PWRF]
[    9.638519] input: Sleep Button as /devices/LNXSYSTM:00/LNXSLPBN:00/input/input1
[    9.640498] ACPI: Sleep Button [SLPF]
[    9.641798] GHES: HEST is not enabled!
[    9.642939] Serial: 8250/16550 driver, 32 ports, IRQ sharing enabled
[    9.643888] ACPI: Battery Slot [BAT0] (battery present)
[    9.670083] 00:02: ttyS0 at I/O 0x3f8 (irq = 4, base_baud = 115200) is a 16550A
[    9.845391] Linux agpgart interface v0.103
[    9.884833] loop: module loaded
[    9.929124] scsi host0: ata_piix
[    9.981467] scsi host1: ata_piix
[   10.035298] ata1: PATA max UDMA/33 cmd 0x1f0 ctl 0x3f6 bmdma 0xd000 irq 14
[   10.209225] ata2: PATA max UDMA/33 cmd 0x170 ctl 0x77  bmdma 0xd008 irq 15

[   10.515785] tsc: Refined TSC clocksource calibration: 2210.909 MHz
[   10.518789] libphy: Fixed MDIO Bus: probed
[   10.518791] tun: Universal TUN/TAP device driver, 1.6
[   10.518791] tun: (C) 1999-2004 Max Krasnyansky <maxk@qualcomm.com>
[   10.518826] PPP generic driver version 2.4.2
[   10.518863] ehci_hcd: USB 2.0 'Enhanced' Host Controller (EHCI) Driver
[   10.518867] ehci-pci: EHCI PCI platform driver
[   10.518878] ehci-platform: EHCI generic platform driver
[   10.518884] ohci_hcd: USB 1.1 'Open' Host Controller (OHCI) Driver
[   10.518888] ohci-pci: OHCI PCI platform driver
[   10.518894] ohci-platform: OHCI generic platform driver
[   10.518899] uhci_hcd: USB Universal Host Controller Interface driver
[   10.518940] i8042: PNP: PS/2 Controller [PNP0303:PS2K,PNP0f03:PS2M] at 0x60,0x64 irq 1,12
[   10.519519] serio: i8042 KBD port at 0x60,0x64 irq 1
[   10.519523] serio: i8042 AUX port at 0x60,0x64 irq 12
[   10.519667] mousedev: PS/2 mouse device common for all mice
[   10.519849] input: AT Translated Set 2 keyboard as /devices/platform/i8042/serio0/input/input2
[   10.520193] rtc_cmos rtc_cmos: rtc core: registered rtc_cmos as rtc0
[   10.520232] rtc_cmos rtc_cmos: alarms up to one day, 114 bytes nvram
[   10.520238] i2c /dev entries driver
[   10.520275] device-mapper: uevent: version 1.0.3
[   10.520311] device-mapper: ioctl: 4.34.0-ioctl (2015-10-28) initialised: dm-devel@redhat.com
[   10.520327] ledtrig-cpu: registered to indicate activity on CPUs
[   10.520511] NET: Registered protocol family 10
[   10.520607] NET: Registered protocol family 17
[   10.520615] Key type dns_resolver registered
[   10.520763] registered taskstats version 1
[   10.520772] Loading compiled-in X.509 certificates
[   10.521188] Loaded X.509 cert 'Build time autogenerated kernel key: bff73e56bc0efa7435b2a24f5427674623f1be80'
[   10.521199] zswap: loaded using pool lzo/zbud
[   10.522207] Key type trusted registered
[   10.523858] Key type encrypted registered
[   10.523861] AppArmor: AppArmor sha1 policy hashing enabled
[   10.523863] ima: No TPM chip found, activating TPM-bypass!
[   10.523865] ima: Allocated hash algorithm: sha1
[   10.523873] evm: HMAC attrs: 0x1
[   10.524283]   Magic number: 11:227:938
[   10.605863] rtc_cmos rtc_cmos: setting system clock to 2019-03-13 13:56:30 UTC (1552485390)
[   10.605973] BIOS EDD facility v0.16 2004-Jun-25, 0 devices found
[   10.605973] EDD information not available.
[   11.394761] clocksource tc: mas 0fffffffffffffmax_cycls:x1fd74f81e,ma_ie_ns: 440795283269 ns
 [   11.811645] Freeing unused kernel memory: 1484K
[   11.845553] Write protecting the kernel read-only data: 14336k
[   12.810632] Freeing unused kernel memory: 1624K
[   12.879230] Freeing unused kernel memory: 92K
Loading, please wait...
starting version 229
[   12.890814] random: systemd-udevd: uninitialized urandom read (16 bytes read, 7 bits of entropy available)
[   12.890954] random: udevadm: uninitialized urandom read (16 bytes read, 7 bits of entropy available)
[   12.890968] random: udevadm: uninitialized urandom read (16 bytes read, 7 bits of entropy available)
[   12.896360] random: udevadm: uninitialized urandom read (16 bytes read, 7 bits of entropy available)
[   12.896391] random: udevadm: uninitialized urandom read (16 bytes read, 7 bits of entropy available)
[   12.896487] random: udevadm: uninitialized urandom read (16 bytes read, 7 bits of entropy available)
[   12.896521] random: udevadm: uninitialized urandom read (16 bytes read, 7 bits of entropy available)
[   12.896553] random: udevadm: uninitialized urandom read (16 bytes read, 7 bits of entropy available)
[   12.896587] random: udevadm: uninitialized urandom read (16 bytes read, 7 bits of entropy available)
[   12.896619] random: udevadm: uninitialized urandom read (16 bytes read, 7 bits of entropy available)
[   12.939357] e1000: Intel(R) PRO/1000 Network Driver - version 7.3.21-k8-NAPI
[   13.050244] e1000: Copyright (c) 1999-2006 Intel Corporation.
[   13.119219] Fusion MPT base driver 3.04.20
[   13.120307] Copyright (c) 1999-2008 LSI Corporation
[   13.129920] Fusion MPT SPI Host driver 3.04.20
[   13.292774] mptbase: ioc0: Initiating bringup
[   13.430494] input: ImExPS/2 Generic Explorer Mouse as /devices/platform/i8042/serio1/input/input4
[   13.790073] AVX2 version of gcm_enc/dec engaged.
[   13.850439] ioc0: LSI53C1030 A0: Capabilities={Initiator}
[   13.964493] AES CTR mode by8 optimization enabled
[   14.018001] scsi host2: ioc0: LSI53C1030 A0, FwRev=00000000h, Ports=1, MaxQ=256, IRQ=20
[   14.403822] scsi 2:0:0:0: Direct-Access     VBOX     HARDDISK         1.0  PQ: 0 ANSI: 5
[   14.559376] scsi target2:0:0: Beginning Domain Validation
[   14.680767] scsi target2:0:0: Domain Validation skipping write tests
[   14.795991] e1000 0000:00:03.0 eth0: (PCI:33MHz:32-bit) 02:dd:09:7c:76:16
[   14.795995] e1000 0000:00:03.0 eth0: Intel(R) PRO/1000 Network Connection
[   15.049965] scsi target2:0:0: Ending Domain Validation
[   15.051455] scsi target2:0:0: asynchronous
[   15.053113] scsi 2:0:1:0: Direct-Access     VBOX     HARDDISK         1.0  PQ: 0 ANSI: 5
[   15.055366] scsi target2:0:1: Beginning Domain Validation
[   15.058015] scsi target2:0:1: Domain Validation skipping write tests
[   15.059669] scsi target2:0:1: Ending Domain Validation
[   15.061148] scsi target2:0:1: asynchronous
[   15.065568] sd 2:0:0:0: Attached scsi generic sg0 type 0
[   15.067224] sd 2:0:0:0: [sda] 20971520 512-byte logical blocks: (10.7 GB/10.0 GiB)
[   15.067332] sd 2:0:1:0: Attached scsi generic sg1 type 0
[   15.067426] sd 2:0:1:0: [sdb] 20480 512-byte logical blocks: (10.5 MB/10.0 MiB)
[   15.067658] sd 2:0:1:0: [sdb] Write Protect is off
[   15.067772] sd 2:0:1:0: [sdb] Incomplete mode parameter data
[   15.067773] sd 2:0:1:0: [sdb] Assuming drive cache: write through
[   15.069368] sd 2:0:1:0: [sdb] Attached SCSI disk
[   15.087086] sd 2:0:0:0: [sda] Write Protect is off
[   15.088583] sd 2:0:0:0: [sda] Incomplete mode parameter data
[   15.090039] sd 2:0:0:0: [sda] Assuming drive cache: write through
[   15.147755]  sda: sda1
[   15.177704] sd 2:0:0:0: [sda] Attached SCSI disk
[   15.386355] e1000 0000:00:08.0 eth1: (PCI:33MHz:32-bit) 08:00:27:14:61:ad
[   15.566707] e1000 0000:00:08.0 eth1: Intel(R) PRO/1000 Network Connection
[   15.735374] e1000 0000:00:08.0 enp0s8: renamed from eth1
[   15.895110] e1000 0000:00:03.0 enp0s3: renamed from eth0
Begin: Loading e[   17.395809] md: linear personality registered for level -1
ssential drivers[   17.639397] md: multipath personality registered for level -4
 ... [   17.731573] md: raid0 personality registered for level 0
[   17.867600] md: raid1 personality registered for level 1
[   18.146397] raid6: sse2x1   gen() 12913 MB/s
[   18.330393] raid6: sse2x1   xor()  9796 MB/s
[   18.398375] raid6: sse2x2   gen() 16722 MB/s
[   18.534468] raid6: sse2x2   xor() 10701 MB/s
[   18.654395] raid6: sse2x4   gen() 18719 MB/s
[   18.762457] raid6: sse2x4   xor() 12181 MB/s
[   18.902794] raid6: avx2x1   gen() 26444 MB/s
[   19.038256] raid6: avx2x2   gen() 30305 MB/s
[   19.174668] raid6: avx2x4   gen() 33172 MB/s
[   19.279062] raid6: using algorithm avx2x4 gen() 33172 MB/s
[   19.370429] raid6: using avx2x2 recovery algorithm
[   19.396079] xor: automatically using best checksumming function:
[   19.438542]    avx       : 72559.000 MB/sec
[   19.498462] async_tx: api initialized (async)
[   19.663584] md: raid6 personality registered for level 6
[   19.806699] md: raid5 personality registered for level 5
[   19.892196] md: raid4 personality registered for level 4
[   20.069859] md: raid10 personality registered for level 10
done.
Begin: Running /scripts/init-premount ...[   20.129189] Btrfs loaded
 done.
Begin: Mounting root file system ... Begin: Running /scripts/local-top ... done.
Begin: Running /scripts/local-premount ... Scanning for Btrfs filesyst[   20.189841] EXT4-fs (sda1): mounted filesystem with ordered data mode. Opts: (null)
ems
done.
Warning: fsck not present, so skipping root file system
done.
Begin: Running /scripts/local-bottom ... done.
Begin: Running /scripts/init-bottom ... done.
[   20.387275] systemd[1]: systemd 229 running in system mode. (+PAM +AUDIT +SELINUX +IMA +APPARMOR +SMACK +SYSVINIT +UTMP +LIBCRYPTSETUP +GCRYPT +GNUTLS +ACL +XZ -LZ4 +SECCOMP +BLKID +ELFUTILS +KMOD -IDN)
[   20.478904] systemd[1]: Detected virtualization oracle.
[   20.480215] systemd[1]: Detected architecture x86-64.

Welcome to [1mUbuntu 16.04.6 LTS[0m!

[   20.484306] systemd[1]: Set hostname to <ubuntu>.
[   20.486447] systemd[1]: Initializing machine ID from random generator.
[   20.488136] systemd[1]: Installed transient /etc/machine-id file.
[   20.591680] systemd[1]: Listening on /dev/initctl Compatibility Named Pipe.
[[0;32m  OK  [0m] Listening on /dev/initctl Compatibility Named Pipe.
[ 20.67095]ysem1]RehetageEnryptd lues.
[[0;32m  OK  [0m] Reached target Encrypted Volumes.
[   1.871]ysem1] Reached target System Time Syncroized
[[0;32m  OK  [0m] Reached target System Time Synchronized.
[   21.817195] systemd[1]: Reached target Swap.
[[0;32m  OK  [0m] Reached target Swap.
[   21.820340] systemd[1]: Listening on Journal Socket (/dev/log).
[[0;32m  OK  [0m] Listening on Journal Socket (/dev/log).
[   21.824186] systemd[1]: Set up automount Arbitrary Executable File Formats File System Automount Point.
[[0;32m  OK  [0m] Set up automount Arbitrary Executab...ats File System Automount Point.
[   21.829299] systemd[1]: Listening on Journal Socket.
[[0;32m  OK  [0m] Listening on Journal Socket.
[   21.832713] systemd[1] Lstenng onDece-mapeevent daemon FIFOs.

[[0;32m  OK  [0m] Listening on Device-mapper event daemon FIFOs.
[   226441] systed[]:Started Trigger resolvconf update for newod DNS.
[[0;32m  OK  [0m] Started Trigger resolvconf update for networkd DNS.
[   22.263663] systemd[1]: Listening on Journal Audit Socket.
[[0;32m  OK  [0m] Listening on Journal Audit Socket.
[   22.267277] systemd[1]: Listening on udev Control Socket.
[[0;32m  OK  [0m] Listening on udev Control Socket.
[   22.270989] systemd[1]: Created slice System Slice.
[[0;32m  OK  [0m] Created slice System Slice.

[   22.286480] systemd[1]: Starting Remount Root and Kernel File Systems...
[   22.288446] random: nonblocking pool is initialized
         Starting Remount Root and Kernel File Systems...
[   22.292012] systemd[1]: Starting Set console keymap...
[   22.293405] EXT4-fs (sda1): re-mounted. Opts: (null)
         Starting Set console keymap...
[   22.297693] systemd[1]: Starting Load Kernel Modules...
         Starting Load Kernel Modules...
[   22.374868] systemd[1]: Starting Nameserver information manager...
         Starting Nameserver inf[   22.377797] Loading iSCSI transport class v2.0-870.
ormation manager[   22.456007] iscsi: registered transport (tcp)
...
[   22.531651] systemd[1]: Created slice system-serial\x2dgetty.slice.
[[0;32m  OK  [0m] Created slice system-serial\x2dgetty.slice.[   22.584733] iscsi: registered transport (iser)

[   22.626945] systemd[1]: Starting Uncomplicated firewall...
         Starting Uncomplicated firewall...
[   22.663093] systemd[1]: Starting Create list of required static device nodes for the current kernel...
         Starting Create list of required st... nodes for the current kernel...
[   22.683193] systemd[1]: Created slice User and Session Slice.
[[0;32m  OK  [0m] Created slice User and Session Slice.
[   22.697814] systemd[1]: Mounting Debug File System...
         Mounting Debug File System...
[   22.705533] systemd[1]: Reached target Slices.
[[0;32m  OK  [0m] Reached target Slices.
[   22.709291] systemd[1]: Reached target User and Group Name Lookups.
[[0;32m  OK  [0m] Reached target User and Group Name Lookups.
[   22.716026] systemd[1]: Started Forward Password Requests to Wall Directory Watch.
[[0;32m  OK  [0m] Started Forward Password Requests to Wall Directory Watch.
[   22.738901] systemd[1]: Mounting POSIX Message Queue File System...
         Mounting POSIX Message Queue File System...
[   22.864991] systemd[1]: Mounting Huge Pages File System...
         Mounting Huge Pages File System...
[   22.891050] systemd[1]: Listening on LVM2 poll daemon socket.
[[0;32m  OK  [0m] Listening on LVM2 poll daemon socket.
[   22.932047] systemd[1]: Listening on LVM2 metadata daemon socket.
[[0;32m  OK  [0m] Listening on LVM2 metadata daemon socket.
[   23.046982] systemd[1]: Starting Monitoring of LVM2 mirrors, snapshots etc. using dmeventd or progress polling...
         Starting Monitoring of LVM2 mirrors... dmeventd or progress polling...
[   23.227898] systemd[1]: Listening on Syslog Socket.
[[0;32m  OK  [0m] Listening on Syslog Socket.
[   23.310624] systemd[1]: Starting Journal Service...
         Starting Journal Service...
[   23.391276] systemd[1]: Listening on udev Kernel Socket.
[[0;32m  OK  [0m] Listening on udev Kernel Socket.
[   23.463346] systemd[1]: Mounted POSIX Message Queue File System.
[[0;32m  OK  [0m] Mounted POSIX Message Queue File System.
[   23.662941] systemd[1]: Mounted Huge Pages File System.
[[0;32m  OK  [0m] Mounted Huge Pages File System.
[   23.776886] systemd[1]: Mounted Debug File System.
[[0;32m  OK  [0m] Mounted Debug File System.
[   23.779735] systemd[1]: Started Journal Service.
[[0;32m  OK  [0m] Started Journal Service.
[[0;32m  OK  [0m] Started Remount Root and Kernel File Systems.
[[0;32m  OK  [0m] Started Set console keymap.
[[0;32m  OK  [0m] Started Load Kernel Modules.
[[0;32m  OK  [0m] Started Uncomplicated firewall.
[[0;32m  OK  [0m] Started Create list of required sta...ce nodes for the current kernel.
[[0;32m  OK  [0m] Started Nameserver information manager.
[[0;32m  OK  [0m] Started LVM2 metadata daemon.
         Starting Create Static Device Nodes in /dev...
         Starting Apply Kernel Variables...
         Mounting FUSE Control File System...
         Starting udev Coldplug all Devices...
         Starting Load/Save Random Seed...
         Starting Flush Journal to Persistent Storage...
[[0;32m  OK  [0m] Mounted FUSE Control File System.
[[0;32m  OK  [0m] Started Create Static Device Nodes in /dev.
[[0;32m  OK  [0m] Started Apply Kernel Variables.
[[0;32m  OK  [0m] Started Load/Save Random Seed.
[[0;32m  OK  [0m] Started udev Coldplug all Devices.
[[0;32m  OK  [0m] Started Monitoring of LVM2 mirrors,...ng dmeventd or progress polling.
[[0;32m  OK  [0m] Started Flush Journal to Persistent Storage.
[[0;32m  OK  [0m] Reached target Local File Systems (Pre).
[[0;32m  OK  [0m] Reached target Local File Systems.
         Starting Set console font and keymap...
         Starting LSB: AppArmor initialization...
         Starting Create Volatile Files and Directories...
         Starting Initial cloud-init job (pre-networking)...
         Starting Tell Plymouth To Write Out Runtime Data...
         Starting Commit a transient machine-id on disk...
         Starting udev Kernel Device Manager...
[[0;32m  OK  [0m] Started Create Volatile Files and Directories.
[[0;32m  OK  [0m] Started Tell Plymouth To Write Out Runtime Data.
[[0;32m  OK  [0m] Started Commit a transient machine-id on disk.
[[0;1;31mFAILED[0m] Failed to start Set console font and keymap.
See 'systemctl status console-setup.service' for details.
[[0;32m  OK  [0m] Started udev Kernel Device Manager.
[[0;32m  OK  [0m] Found device /dev/ttyS0.
[[0;32m  OK  [0m] Started Dispatch Password Requests to Console Directory Watch.
[[0;32m  OK  [0m] Created slice system-getty.slice.
         Starting Update UTMP about System Boot/Shutdown...
[[0;32m  OK  [0m] Listening on Load/Save RF Kill Switch Status /dev/rfkill Watch.
[[0;32m  OK  [0m] Started Update UTMP about System Boot/Shutdown.
[   18.300295] cloud-init[487]: Cloud-init v. 18.5-21-g8ee294d5-0ubuntu1~16.04.1 running 'init-local' at Wed, 13 Mar 2019 13:56:44 +0000. Up 17.98 seconds.
[[0;32m  OK  [0m] Started Initial cloud-init job (pre-networking).
[[0;32m  OK  [0m] Started LSB: AppArmor initialization.
[[0;32m  OK  [0m] Reached target Network (Pre).
         Starting Raise network interfaces...
[[0;32m  OK  [0m] Started Raise network interfaces.
         Starting Initial cloud-init job (metadata service crawler)...
[[0;32m  OK  [0m] Reached target Network.
[   19.549462] cloud-init[910]: Cloud-init v. 18.5-21-g8ee294d5-0ubuntu1~16.04.1 running 'init' at Wed, 13 Mar 2019 13:56:46 +0000. Up 19.25 seconds.
[[0;32m  OK  [0m] Started Initial cloud-init job (metadata service crawler).
[[   19.680073] cloud-init[910]: ci-info: ++++++++++++++++++++++++++++++++++++++Net device info++++++++++++++++++++++++++++++++++++++
[0;32m  OK  [0m[   19.747978] cloud-init[910]: ci-info: +--------+-------+---------------------------+---------------+--------+-------------------+
] [   19.748565] cloud-init[910]: ci-info: | Device |   Up  |          Address          |      Mask     | Scope  |     Hw-Address    |
Reached target System Initialization.[   19.748678] cloud-init[910]: ci-info: +--------+-------+---------------------------+---------------+--------+-------------------+

[   19.748845] cloud-init[910]: ci-info: | enp0s3 |  True |         10.0.2.15         | 255.255.255.0 | global | 02:dd:09:7c:76:16 |
         [   19.748951] cloud-init[910]: ci-info: | enp0s3 |  True | fe80::dd:9ff:fe7c:7616/64 |       .       |  link  | 02:dd:09:7c:76:16 |
Starting Socket activation for snappy daemon.[   20.066286] cloud-init[910]: ci-info: | enp0s8 | False |             .             |       .       |   .    | 08:00:27:14:61:ad |

[   20.070049] cloud-init[910]: ci-info: |   lo   |  True |         127.0.0.1         |   255.0.0.0   |  host  |         .         |
[   20.076811] cloud-init[910]: ci-info: |   lo   |  True |          ::1/128          |       .       |  host  |         .         |
[   20.080636] cloud-init[910]: ci-info: +--------+-------+---------------------------+---------------+--------+-------------------+
[[   20.081117] cloud-init[910]: ci-info: +++++++++++++++++++++++++++Route IPv4 info++++++++++++++++++++++++++++
[0;32m  OK  [0m[   20.083811] cloud-init[910]: ci-info: +-------+-------------+----------+---------------+-----------+-------+
] Started ACPI Events Check.
[[   20.084569] cloud-init[910]: ci-info: | Route | Destination | Gateway  |    Genmask    | Interface | Flags |
[0;32m  OK  [0m[   20.091732] cloud-init[910]: ci-info: +-------+-------------+----------+---------------+-----------+-------+
] [   20.094385] cloud-init[910]: ci-info: |   0   |   0.0.0.0   | 10.0.2.2 |    0.0.0.0    |   enp0s3  |   UG  |
Reached target Paths.[   20.096799] cloud-init[910]: ci-info: |   1   |   10.0.2.0  | 0.0.0.0  | 255.255.255.0 |   enp0s3  |   U   |

[   20.099274] cloud-init[910]: ci-info: +-------+-------------+----------+---------------+-----------+-------+
[   20.101661] cloud-init[910]: ci-info: +++++++++++++++++++Route IPv6 info+++++++++++++++++++
[   20.101983] cloud-init[910]: ci-info: +-------+-------------+---------+-----------+-------+
[   20.102280] cloud-init[910]: ci-info: | Route | Destination | Gateway | Interface | Flags |
[   20.102572] cloud-init[910]: ci-info: +-------+-------------+---------+-----------+-------+
[   20.102847] cloud-init[910]: ci-info: |   0   |  fe80::/64  |    ::   |   enp0s3  |   U   |
[   20.103125] cloud-init[910]: ci-info: |   3   |   ff00::/8  |    ::   |   enp0s3  |   U   |
[   20.103368] cloud-init[910]: ci-info: +-------+-------------+---------+-----------+-------+
[   20.103623] cloud-init[910]: Generating public/private rsa key pair.
[   20.103880] cloud-init[910]: Your identification has been saved in /etc/ssh/ssh_host_rsa_key.
[   20.104438] cloud-init[910]: Your public key has been saved in /etc/ssh/ssh_host_rsa_key.pub.
[   20.104775] cloud-init[910]: The key fingerprint is:
[   20.105149] cloud-init[910]: SHA256:ngiKBxMiSZaINJ6cYzE+nplmzJXg9nEgRUNrTtR3JkM root@ubuntu-xenial
[[   20.105177] cloud-init[910]: The key's randomart image is:
[0;32m  OK  [0m[   20.167671] cloud-init[910]: +---[RSA 2048]----+
] [   20.169283] cloud-init[910]: |+X=B. .E         |
Listening on D-Bus System Message Bus Socket.[   20.170482] cloud-init[910]: |XoX =. + o       |

[   20.172960] cloud-init[910]: |=% B .. =        |
[   20.175174] cloud-init[910]: |O.% o            |
[[   20.175604] cloud-init[910]: |oX o.   S        |
[0;32m  OK  [0m[   20.176792] cloud-init[910]: |o+ . . o .       |
] Listening on UUID daemon activation socket.
         Starting LXD - unix socket.[   20.178181] cloud-init[910]: |. o   . o        |

[   20.183858] cloud-init[910]: | .               |
[   20.184888] cloud-init[910]: |                 |
[   20.185202] cloud-init[910]: +----[SHA256]-----+
[   20.185483] cloud-init[910]: Generating public/private dsa key pair.
[   20.185775] cloud-init[910]: Your identification has been saved in /etc/ssh/ssh_host_dsa_key.
[   20.186043] cloud-init[910]: Your public key has been saved in /etc/ssh/ssh_host_dsa_key.pub.
[   20.186312] cloud-init[910]: The key fingerprint is:
[   20.186581] cloud-init[910]: SHA256:6QxNnQE52eo3qMSIjybd+l/35o9/d9GVF1xOFCQRvXQ root@ubuntu-xenial
[   20.186844] cloud-init[910]: The key's randomart image is:
[   20.187116] cloud-init[910]: +---[DSA 1024]----+
[   20.187450] cloud-init[910]: |        .=.  +*+*|
[   20.187864] cloud-init[910]: |        +..o  .BE|
[[   20.188592] cloud-init[910]: |        .oo   . *|
[0;32m  OK  [0m[   20.251110] cloud-init[910]: |       o..     oo|
] [   20.252637] cloud-init[910]: |   . o..S.      +|
Started Daily Cleanup of Temporary Directories.[   20.253805] cloud-init[910]: |  . . o+o o    ..|

[   20.255836] cloud-init[910]: | . + . .+...    .|
[   20.258539] cloud-init[910]: |. + o .. . ...  +|
[[   20.258963] cloud-init[910]: | o.o...    o+oo.o|
[0;32m  OK  [0m[   20.260153] cloud-init[910]: +----[SHA256]-----+
] Listening on ACPID Listen Socket.
[   20.260530] cloud-init[910]: Generating public/private ecdsa key pair.
[[   20.264825] cloud-init[910]: Your identification has been saved in /etc/ssh/ssh_host_ecdsa_key.
[0;32m  OK  [0m[   20.266422] cloud-init[910]: Your public key has been saved in /etc/ssh/ssh_host_ecdsa_key.pub.
] [   20.268637] cloud-init[910]: The key fingerprint is:
Started Daily apt download activities.[   20.270611] cloud-init[910]: SHA256:/wYXBIbhjUh3BHEiD8axC1qjcLoSzeVYfuqtwKaytmQ root@ubuntu-xenial

[   20.273002] cloud-init[910]: The key's randomart image is:
[[   20.274533] cloud-init[910]: +---[ECDSA 256]---+
[0;32m  OK  [0m[   20.277866] cloud-init[910]: |     .*.***.     |
] Started Daily apt upgrade and clean activities.
[[   20.278279] cloud-init[910]: |     o.O.B  .    |
[0;32m  OK  [0m[   20.285942] cloud-init[910]: |. . * o + ..     |
] [   20.287329] cloud-init[910]: | * X o .    .    |
Reached target Timers.
[[   20.288358] cloud-init[910]: |o * o o S    .   |
[0;32m  OK  [0m[   20.338456] cloud-init[910]: | +   o   .. .    |
] [   20.340194] cloud-init[910]: |oE+ .     .o     |
Reached target Cloud-config availability.[   20.341521] cloud-init[910]: |=+ o .     ..    |

[   20.343376] cloud-init[910]: |=o. o..    ..    |
[   20.344609] cloud-init[910]: +----[SHA256]-----+
[   20.344898] cloud-init[910]: Generating public/private ed25519 key pair.
[   20.345168] cloud-init[910]: Your identification has been saved in /etc/ssh/ssh_host_ed25519_key.
[   20.345429] cloud-init[910]: Your public key has been saved in /etc/ssh/ssh_host_ed25519_key.pub.
[   20.345703] cloud-init[910]: The key fingerprint is:
[   20.345963] cloud-init[910]: SHA256:3btV0zDRbhIgqVmJI899rOdUyoeMSS9c8GEDuXveRRg root@ubuntu-xenial
[   20.346232] cloud-init[910]: The key's randomart image is:
[   20.346496] cloud-init[910]: +--[ED25519 256]--+
[   20.346759] cloud-init[910]: |         .o=.... |
[   20.347022] cloud-init[910]: |      . o *.+ E..|
[   20.347411] cloud-init[910]: |       + * * oo= |
[   20.347548] cloud-init[910]: |        =.+.= +o=|
[   20.347817] cloud-init[910]: |        So.@.+ =o|
[   20.348365] cloud-init[910]: |          B X...o|
[   20.348624] cloud-init[910]: |           B.o.. |
[   20.348883] cloud-init[910]: |            oo.  |
[   20.349173] cloud-init[910]: |            .    |
[   20.349427] cloud-init[910]: +----[SHA256]-----+
[[0;32m  OK  [0m] Reached target Network is Online.
         Starting iSCSI initiator daemon (iscsid)...
[[0;32m  OK  [0m] Listening on Socket activation for snappy daemon.
[[0;32m  OK  [0m] Listening on LXD - unix socket.
[[0;32m  OK  [0m] Started iSCSI initiator daemon (iscsid).
         Starting Login to default iSCSI targets...
[[0;32m  OK  [0m] Reached target Sockets.
[[0;32m  OK  [0m] Reached target Basic System.
         Starting /etc/rc.local Compatibility...
[[0;32m  OK  [0m] Started Unattended Upgrades Shutdown.
         Starting LSB: Record successful boot for GRUB...
[[0;32m  OK  [0m] Started ACPI event daemon.
         Starting Pollinate to seed the pseudo random number generator...
[[0;32m  OK  [0m] Started Regular background program processing daemon.
         Starting Accounts Service...
         Starting LXD - container startup/shutdown...
         Starting LSB: MD monitoring daemon...
[[0;32m  OK  [0m] Started D-Bus System Message Bus.
[[0;32m  OK  [0m] Started FUSE filesystem for LXC.
         Starting Login Service...
         Starting System Logging Service...
[[0;32m  OK  [0m] Started Deferred execution scheduler.
         Starting Virtualbox guest utils...
         Starting Snappy daemon...
[[0;32m  OK  [0m] Started /etc/rc.local Compatibility.
[[0;32m  OK  [0m] Started LXD - container startup/shutdown.
[[0;32m  OK  [0m] Started System Logging Service.
[[0;32m  OK  [0m] Started Login to default iSCSI targets.
[[0;32m  OK  [0m] Started LSB: Record successful boot for GRUB.
[[0;32m  OK  [0m] Started LSB: MD monitoring daemon.
         Starting Authenticate and Authorize Users to Run Privileged Tasks...
[[0;32m  OK  [0m] Reached target Remote File Systems (Pre).
[[0;32m  OK  [0m] Reached target Remote File Systems.
         Starting LSB: Set the CPU Frequency Scaling governor to "ondemand"...
         Starting Permit User Sessions...
         Starting LSB: daemon to balance interrupts for SMP systems...
         Starting LSB: automatic crash report generation...
[[0;32m  OK  [0m] Started Snappy daemon.
[[0;32m  OK  [0m] Started Pollinate to seed the pseudo random number generator.
[[0;32m  OK  [0m] Started Virtualbox guest utils.
[[0;32m  OK  [0m] Started Permit User Sessions.
[[0;32m  OK  [0m] Started Login Service.
[[0;32m  OK  [0m] Started Authenticate and Authorize Users to Run Privileged Tasks.
[[0;32m  OK  [0m] Started Accounts Service.
[[0;32m  OK  [0m] Started LSB: Set the CPU Frequency Scaling governor to "ondemand".
         Starting Terminate Plymouth Boot Screen...
         Starting Hold until boot process finishes up...
         Starting OpenBSD Secure Shell server...
         Starting Wait until snapd is fully seeded...
[[0;32m  OK  [0m] Started LSB: daemon to balance interrupts for SMP systems.
[[0;32m  OK  [0m] Started LSB: automatic crash report generation.
[[0;32m  OK  [0m] Started Terminate Plymouth Boot Screen.
[[0;32m  OK  [0m] Started Hold until boot process finishes up.
[[0;32m  OK  [0m] Started OpenBSD Secure Shell server.
[[0;32m  OK  [0m] Created slice User Slice of vagrant.
         Starting User Manager for UID 1000...
[[0;32m  OK  [0m] Started Session 1 of user vagrant.
         Starting Set console scheme...
[[0;32m  OK  [0m] Started Serial Getty on ttyS0.
[[0;32m  OK  [0m] Started Getty on tty1.
[[0;32m  OK  [0m] Reached target Login Prompts.
[[0;32m  OK  [0m] Started User Manager for UID 1000.
[[0;32m  OK  [0m] Started Set console scheme.
         Stopping User Manager for UID 1000...
[[0;32m  OK  [0m] Stopped User Manager for UID 1000.
[[0;32m  OK  [0m] Removed slice User Slice of vagrant.
[[0;32m  OK  [0m] Created slice User Slice of vagrant.
         Starting User Manager for UID 1000...
[[0;32m  OK  [0m] Started Session 2 of user vagrant.
[[0;32m  OK  [0m] Started User Manager for UID 1000.
         Starting Hostname Service...
[[0;32m  OK  [0m] Started Hostname Service.
[[0;32m  OK  [0m] Started Wait until snapd is fully seeded.
         Starting Apply the settings specified in cloud-config...
[[0;32m  OK  [0m] Reached target Multi-User System.
[[0;32m  OK  [0m] Reached target Graphical Interface.
         Starting Update UTMP about System Runlevel Changes...
[[0;32m  OK  [0m] Started Update UTMP about System Runlevel Changes.
[   23.714586] cloud-init[1697]: Generating locales (this might take a while)...
[   24.332577] cloud-init[1697]:   en_US.UTF-8... done
[   24.360419] cloud-init[1697]: Generation complete.
[   24.586166] cloud-init[1697]: Cloud-init v. 18.5-21-g8ee294d5-0ubuntu1~16.04.1 running 'modules:config' at Wed, 13 Mar 2019 13:56:50 +0000. Up 23.64 seconds.
[[0;32m  OK  [0m] Started Apply the settings specified in cloud-config.
         Starting Execute cloud user/final scripts...
ci-info: no authorized ssh keys fingerprints found for user ubuntu.
<14>Mar 13 13:56:52 ec2: 
<14>Mar 13 13:56:52 ec2: #############################################################
<14>Mar 13 13:56:52 ec2: -----BEGIN SSH HOST KEY FINGERPRINTS-----
<14>Mar 13 13:56:52 ec2: 1024 SHA256:6QxNnQE52eo3qMSIjybd+l/35o9/d9GVF1xOFCQRvXQ root@ubuntu-xenial (DSA)
<14>Mar 13 13:56:52 ec2: 256 SHA256:/wYXBIbhjUh3BHEiD8axC1qjcLoSzeVYfuqtwKaytmQ root@ubuntu-xenial (ECDSA)
<14>Mar 13 13:56:52 ec2: 256 SHA256:3btV0zDRbhIgqVmJI899rOdUyoeMSS9c8GEDuXveRRg root@ubuntu-xenial (ED25519)
<14>Mar 13 13:56:52 ec2: 2048 SHA256:ngiKBxMiSZaINJ6cYzE+nplmzJXg9nEgRUNrTtR3JkM root@ubuntu-xenial (RSA)
<14>Mar 13 13:56:52 ec2: -----END SSH HOST KEY FINGERPRINTS-----
<14>Mar 13 13:56:52 ec2: #############################################################
-----BEGIN SSH HOST KEY KEYS-----
ecdsa-sha2-nistp256 AAAAE2VjZHNhLXNoYTItbmlzdHAyNTYAAAAIbmlzdHAyNTYAAABBBNAwyprT8JBG1g8PAFyUadT/2C57EswBQawTkuPg/hyha6T3zJp9njul0QMQHRruHU5bQlLUf+hC9vTXfsV3ZKg= root@ubuntu-xenial
ssh-ed25519 AAAAC3NzaC1lZDI1NTE5AAAAILsKfQu7vBzdKCQqiLwwo8igGTb5UlEM21n/G3dTIuyk root@ubuntu-xenial
ssh-rsa AAAAB3NzaC1yc2EAAAADAQABAAABAQDbhX+zkvbWCtx/7bxy8Yc8LQseMDCLmV663dmeDBtjlXtgcockjuGQA5hRRVOltE3yHHaczhvXXy2OJE34cH7WKe+kAaS5rszx9cDPrFlDOX8l6gD6jBi+gIuGGc3vwBvALJDQE0NpaWP5lvq4p6h0ZlADLTP/MGY2PaxP4G2MwaHdHK1Uw974T3+296NlJUiWWNvf/n/scOTQUZoOrjYQ7HnDj0U19oWftmOPAj7rRELgW7Hm9xppyON4YSKEMf8w03hor5xFCaPgyNYNJUFyDlp0jOgjcaOndc/LurXdACCCKRNvTgwXb3NjMw778MOEHVt2k4vk2ElpXqU+urBt root@ubuntu-xenial
-----END SSH HOST KEY KEYS-----
[   25.921897] cloud-init[2137]: Cloud-init v. 18.5-21-g8ee294d5-0ubuntu1~16.04.1 running 'modules:final' at Wed, 13 Mar 2019 13:56:52 +0000. Up 25.04 seconds.
[   25.933709] cloud-init[2137]: ci-info: no authorized ssh keys fingerprints found for user ubuntu.
[   25.971947] cloud-init[2137]: Cloud-init v. 18.5-21-g8ee294d5-0ubuntu1~16.04.1 finished at Wed, 13 Mar 2019 13:56:52 +0000. Datasource DataSourceNoCloud [seed=/dev/sdb][dsmode=net].  Up 25.91 seconds
[[0;32m  OK  [0m] Started Execute cloud user/final scripts.
[[0;32m  OK  [0m] Reached target Cloud-init target.

Ubuntu 16.04.6 LTS mongodb ttyS0

mongodb login: 